[2025-08-16 00:29:44,448] [INFO] [real_accelerator.py:254:get_accelerator] Setting ds_accelerator to cuda (auto detect)
[INFO|2025-08-16 00:29:50] llamafactory.cli:143 >> Initializing 8 distributed tasks at: g0006:29500
[INFO|2025-08-16 00:29:50] llamafactory.cli:143 >> Multi-node training enabled: num nodes: 2, node rank: 1
[2025-08-16 00:30:07,198] [INFO] [real_accelerator.py:254:get_accelerator] Setting ds_accelerator to cuda (auto detect)
[2025-08-16 00:30:07,843] [INFO] [real_accelerator.py:254:get_accelerator] Setting ds_accelerator to cuda (auto detect)
[2025-08-16 00:30:07,977] [INFO] [real_accelerator.py:254:get_accelerator] Setting ds_accelerator to cuda (auto detect)
[2025-08-16 00:30:08,043] [INFO] [real_accelerator.py:254:get_accelerator] Setting ds_accelerator to cuda (auto detect)
[2025-08-16 00:30:08,105] [INFO] [real_accelerator.py:254:get_accelerator] Setting ds_accelerator to cuda (auto detect)
[2025-08-16 00:30:08,124] [INFO] [real_accelerator.py:254:get_accelerator] Setting ds_accelerator to cuda (auto detect)
[2025-08-16 00:30:08,137] [INFO] [real_accelerator.py:254:get_accelerator] Setting ds_accelerator to cuda (auto detect)
[2025-08-16 00:30:08,140] [INFO] [real_accelerator.py:254:get_accelerator] Setting ds_accelerator to cuda (auto detect)
[2025-08-16 00:30:10,971] [INFO] [comm.py:669:init_distributed] cdb=None
[INFO|2025-08-16 00:30:11] llamafactory.hparams.parser:410 >> Process rank: 10, world size: 16, device: cuda:2, distributed training: True, compute dtype: torch.bfloat16
[2025-08-16 00:30:11,552] [INFO] [comm.py:669:init_distributed] cdb=None
[2025-08-16 00:30:11,555] [INFO] [comm.py:669:init_distributed] cdb=None
[2025-08-16 00:30:11,561] [INFO] [comm.py:669:init_distributed] cdb=None
[2025-08-16 00:30:11,762] [INFO] [comm.py:669:init_distributed] cdb=None
[2025-08-16 00:30:11,779] [INFO] [comm.py:669:init_distributed] cdb=None
[2025-08-16 00:30:11,880] [INFO] [comm.py:669:init_distributed] cdb=None
[2025-08-16 00:30:12,052] [INFO] [comm.py:669:init_distributed] cdb=None
[rank10]:[W816 00:30:12.109135142 ProcessGroupNCCL.cpp:4561] [PG ID 0 PG GUID 0 Rank 10]  using GPU 2 to perform barrier as devices used by this process are currently unknown. This can potentially cause a hang if this rank to GPU mapping is incorrect. Specify device_ids in barrier() to force use of a particular device, or call init_process_group() with a device_id.
[INFO|2025-08-16 00:30:13] llamafactory.hparams.parser:143 >> Set `ddp_find_unused_parameters` to False in DDP training since LoRA is enabled.
[INFO|2025-08-16 00:30:13] llamafactory.hparams.parser:410 >> Process rank: 8, world size: 16, device: cuda:0, distributed training: True, compute dtype: torch.bfloat16
[INFO|tokenization_utils_base.py:2065] 2025-08-16 00:30:13,386 >> loading file vocab.json
[INFO|tokenization_utils_base.py:2065] 2025-08-16 00:30:13,386 >> loading file merges.txt
[INFO|tokenization_utils_base.py:2065] 2025-08-16 00:30:13,386 >> loading file tokenizer.json
[INFO|tokenization_utils_base.py:2065] 2025-08-16 00:30:13,386 >> loading file added_tokens.json
[INFO|tokenization_utils_base.py:2065] 2025-08-16 00:30:13,386 >> loading file special_tokens_map.json
[INFO|tokenization_utils_base.py:2065] 2025-08-16 00:30:13,386 >> loading file tokenizer_config.json
[INFO|tokenization_utils_base.py:2065] 2025-08-16 00:30:13,386 >> loading file chat_template.jinja
[INFO|2025-08-16 00:30:13] llamafactory.hparams.parser:410 >> Process rank: 12, world size: 16, device: cuda:4, distributed training: True, compute dtype: torch.bfloat16
[INFO|2025-08-16 00:30:13] llamafactory.hparams.parser:410 >> Process rank: 11, world size: 16, device: cuda:3, distributed training: True, compute dtype: torch.bfloat16
[INFO|2025-08-16 00:30:13] llamafactory.hparams.parser:410 >> Process rank: 14, world size: 16, device: cuda:6, distributed training: True, compute dtype: torch.bfloat16
[INFO|2025-08-16 00:30:13] llamafactory.hparams.parser:410 >> Process rank: 13, world size: 16, device: cuda:5, distributed training: True, compute dtype: torch.bfloat16
[INFO|2025-08-16 00:30:13] llamafactory.hparams.parser:410 >> Process rank: 15, world size: 16, device: cuda:7, distributed training: True, compute dtype: torch.bfloat16
[INFO|2025-08-16 00:30:13] llamafactory.hparams.parser:410 >> Process rank: 9, world size: 16, device: cuda:1, distributed training: True, compute dtype: torch.bfloat16
[INFO|tokenization_utils_base.py:2336] 2025-08-16 00:30:13,778 >> Special tokens have been added in the vocabulary, make sure the associated word embeddings are fine-tuned or trained.
[INFO|configuration_utils.py:750] 2025-08-16 00:30:13,779 >> loading configuration file /home/bingxing2/gpuuser001/qwen/Qwen2.5-32B-Instruct/config.json
[INFO|configuration_utils.py:817] 2025-08-16 00:30:13,782 >> Model config Qwen2Config {
  "architectures": [
    "Qwen2ForCausalLM"
  ],
  "attention_dropout": 0.0,
  "bos_token_id": 151643,
  "eos_token_id": 151645,
  "hidden_act": "silu",
  "hidden_size": 5120,
  "initializer_range": 0.02,
  "intermediate_size": 27648,
  "layer_types": [
    "full_attention",
    "full_attention",
    "full_attention",
    "full_attention",
    "full_attention",
    "full_attention",
    "full_attention",
    "full_attention",
    "full_attention",
    "full_attention",
    "full_attention",
    "full_attention",
    "full_attention",
    "full_attention",
    "full_attention",
    "full_attention",
    "full_attention",
    "full_attention",
    "full_attention",
    "full_attention",
    "full_attention",
    "full_attention",
    "full_attention",
    "full_attention",
    "full_attention",
    "full_attention",
    "full_attention",
    "full_attention",
    "full_attention",
    "full_attention",
    "full_attention",
    "full_attention",
    "full_attention",
    "full_attention",
    "full_attention",
    "full_attention",
    "full_attention",
    "full_attention",
    "full_attention",
    "full_attention",
    "full_attention",
    "full_attention",
    "full_attention",
    "full_attention",
    "full_attention",
    "full_attention",
    "full_attention",
    "full_attention",
    "full_attention",
    "full_attention",
    "full_attention",
    "full_attention",
    "full_attention",
    "full_attention",
    "full_attention",
    "full_attention",
    "full_attention",
    "full_attention",
    "full_attention",
    "full_attention",
    "full_attention",
    "full_attention",
    "full_attention",
    "full_attention"
  ],
  "max_position_embeddings": 32768,
  "max_window_layers": 70,
  "model_type": "qwen2",
  "num_attention_heads": 40,
  "num_hidden_layers": 64,
  "num_key_value_heads": 8,
  "rms_norm_eps": 1e-06,
  "rope_scaling": null,
  "rope_theta": 1000000.0,
  "sliding_window": null,
  "tie_word_embeddings": false,
  "torch_dtype": "bfloat16",
  "transformers_version": "4.55.0",
  "use_cache": true,
  "use_sliding_window": false,
  "vocab_size": 152064
}

[INFO|tokenization_utils_base.py:2065] 2025-08-16 00:30:13,784 >> loading file vocab.json
[INFO|tokenization_utils_base.py:2065] 2025-08-16 00:30:13,784 >> loading file merges.txt
[INFO|tokenization_utils_base.py:2065] 2025-08-16 00:30:13,784 >> loading file tokenizer.json
[INFO|tokenization_utils_base.py:2065] 2025-08-16 00:30:13,784 >> loading file added_tokens.json
[INFO|tokenization_utils_base.py:2065] 2025-08-16 00:30:13,784 >> loading file special_tokens_map.json
[INFO|tokenization_utils_base.py:2065] 2025-08-16 00:30:13,784 >> loading file tokenizer_config.json
[INFO|tokenization_utils_base.py:2065] 2025-08-16 00:30:13,784 >> loading file chat_template.jinja
[INFO|tokenization_utils_base.py:2336] 2025-08-16 00:30:14,157 >> Special tokens have been added in the vocabulary, make sure the associated word embeddings are fine-tuned or trained.
[INFO|2025-08-16 00:30:14] llamafactory.data.template:143 >> Replace eos token: <|eot_id|>.
[WARNING|2025-08-16 00:30:14] llamafactory.data.template:148 >> New tokens have been added, make sure `resize_vocab` is True.
[INFO|2025-08-16 00:30:14] llamafactory.data.template:143 >> Add <|eom_id|> to stop words.
[WARNING|2025-08-16 00:30:14] llamafactory.data.template:148 >> New tokens have been added, make sure `resize_vocab` is True.
[rank12]:[W816 00:30:14.602172149 ProcessGroupNCCL.cpp:4561] [PG ID 0 PG GUID 0 Rank 12]  using GPU 4 to perform barrier as devices used by this process are currently unknown. This can potentially cause a hang if this rank to GPU mapping is incorrect. Specify device_ids in barrier() to force use of a particular device, or call init_process_group() with a device_id.
[INFO|2025-08-16 00:30:14] llamafactory.data.loader:143 >> Loading dataset identity.json...
[rank11]:[W816 00:30:14.798041039 ProcessGroupNCCL.cpp:4561] [PG ID 0 PG GUID 0 Rank 11]  using GPU 3 to perform barrier as devices used by this process are currently unknown. This can potentially cause a hang if this rank to GPU mapping is incorrect. Specify device_ids in barrier() to force use of a particular device, or call init_process_group() with a device_id.
[rank13]:[W816 00:30:14.955929268 ProcessGroupNCCL.cpp:4561] [PG ID 0 PG GUID 0 Rank 13]  using GPU 5 to perform barrier as devices used by this process are currently unknown. This can potentially cause a hang if this rank to GPU mapping is incorrect. Specify device_ids in barrier() to force use of a particular device, or call init_process_group() with a device_id.
[rank14]:[W816 00:30:14.013187932 ProcessGroupNCCL.cpp:4561] [PG ID 0 PG GUID 0 Rank 14]  using GPU 6 to perform barrier as devices used by this process are currently unknown. This can potentially cause a hang if this rank to GPU mapping is incorrect. Specify device_ids in barrier() to force use of a particular device, or call init_process_group() with a device_id.
[rank15]:[W816 00:30:14.024255071 ProcessGroupNCCL.cpp:4561] [PG ID 0 PG GUID 0 Rank 15]  using GPU 7 to perform barrier as devices used by this process are currently unknown. This can potentially cause a hang if this rank to GPU mapping is incorrect. Specify device_ids in barrier() to force use of a particular device, or call init_process_group() with a device_id.
[rank9]:[W816 00:30:14.182007917 ProcessGroupNCCL.cpp:4561] [PG ID 0 PG GUID 0 Rank 9]  using GPU 1 to perform barrier as devices used by this process are currently unknown. This can potentially cause a hang if this rank to GPU mapping is incorrect. Specify device_ids in barrier() to force use of a particular device, or call init_process_group() with a device_id.
Converting format of dataset (num_proc=16):   0%|          | 0/91 [00:00<?, ? examples/s]Converting format of dataset (num_proc=16):   7%|▋         | 6/91 [00:00<00:01, 58.10 examples/s]Converting format of dataset (num_proc=16): 100%|██████████| 91/91 [00:00<00:00, 317.83 examples/s]
[INFO|2025-08-16 00:30:24] llamafactory.data.loader:143 >> Loading dataset alpaca_en_demo.json...
Converting format of dataset (num_proc=16):   0%|          | 0/999 [00:00<?, ? examples/s]Converting format of dataset (num_proc=16):  44%|████▍     | 440/999 [00:00<00:00, 3820.70 examples/s]Converting format of dataset (num_proc=16): 100%|██████████| 999/999 [00:00<00:00, 3942.29 examples/s]
[rank8]:[W816 00:30:34.790886437 ProcessGroupNCCL.cpp:4561] [PG ID 0 PG GUID 0 Rank 8]  using GPU 0 to perform barrier as devices used by this process are currently unknown. This can potentially cause a hang if this rank to GPU mapping is incorrect. Specify device_ids in barrier() to force use of a particular device, or call init_process_group() with a device_id.
g0007:16859:16859 [0] NCCL INFO cudaDriverVersion 12040
g0007:16859:16859 [0] NCCL INFO Bootstrap : Using ens12:29.31.241.90<0>
g0007:16861:16861 [2] NCCL INFO cudaDriverVersion 12040
g0007:16861:16861 [2] NCCL INFO Bootstrap : Using ens12:29.31.241.90<0>
g0007:16860:16860 [1] NCCL INFO cudaDriverVersion 12040
g0007:16859:16859 [0] NCCL INFO NET/Plugin: No plugin found (libnccl-net.so)
g0007:16859:16859 [0] NCCL INFO NET/Plugin: Plugin load returned 2 : libnccl-net.so: cannot open shared object file: No such file or directory : when loading libnccl-net.so
g0007:16859:16859 [0] NCCL INFO NET/Plugin: Using internal network plugin.
g0007:16860:16860 [1] NCCL INFO Bootstrap : Using ens12:29.31.241.90<0>
g0007:16864:16864 [5] NCCL INFO cudaDriverVersion 12040
g0007:16865:16865 [6] NCCL INFO cudaDriverVersion 12040
g0007:16859:16859 [0] NCCL INFO Comm config Blocking set to 1
g0007:16865:16865 [6] NCCL INFO Bootstrap : Using ens12:29.31.241.90<0>
g0007:16864:16864 [5] NCCL INFO Bootstrap : Using ens12:29.31.241.90<0>
g0007:16861:16861 [2] NCCL INFO NET/Plugin: No plugin found (libnccl-net.so)
g0007:16861:16861 [2] NCCL INFO NET/Plugin: Plugin load returned 2 : libnccl-net.so: cannot open shared object file: No such file or directory : when loading libnccl-net.so
g0007:16861:16861 [2] NCCL INFO NET/Plugin: Using internal network plugin.
g0007:16866:16866 [7] NCCL INFO cudaDriverVersion 12040
g0007:16861:16861 [2] NCCL INFO Comm config Blocking set to 1
g0007:16860:16860 [1] NCCL INFO NET/Plugin: No plugin found (libnccl-net.so)
g0007:16860:16860 [1] NCCL INFO NET/Plugin: Plugin load returned 2 : libnccl-net.so: cannot open shared object file: No such file or directory : when loading libnccl-net.so
g0007:16860:16860 [1] NCCL INFO NET/Plugin: Using internal network plugin.
g0007:16862:16862 [3] NCCL INFO cudaDriverVersion 12040
g0007:16860:16860 [1] NCCL INFO Comm config Blocking set to 1
g0007:16863:16863 [4] NCCL INFO cudaDriverVersion 12040
g0007:16865:16865 [6] NCCL INFO NET/Plugin: No plugin found (libnccl-net.so)
g0007:16865:16865 [6] NCCL INFO NET/Plugin: Plugin load returned 2 : libnccl-net.so: cannot open shared object file: No such file or directory : when loading libnccl-net.so
g0007:16865:16865 [6] NCCL INFO NET/Plugin: Using internal network plugin.
g0007:16864:16864 [5] NCCL INFO NET/Plugin: No plugin found (libnccl-net.so)
g0007:16864:16864 [5] NCCL INFO NET/Plugin: Plugin load returned 2 : libnccl-net.so: cannot open shared object file: No such file or directory : when loading libnccl-net.so
g0007:16864:16864 [5] NCCL INFO NET/Plugin: Using internal network plugin.
g0007:16866:16866 [7] NCCL INFO Bootstrap : Using ens12:29.31.241.90<0>
g0007:16862:16862 [3] NCCL INFO Bootstrap : Using ens12:29.31.241.90<0>
g0007:16863:16863 [4] NCCL INFO Bootstrap : Using ens12:29.31.241.90<0>
g0007:16865:16865 [6] NCCL INFO Comm config Blocking set to 1
g0007:16864:16864 [5] NCCL INFO Comm config Blocking set to 1
g0007:16863:16863 [4] NCCL INFO NET/Plugin: No plugin found (libnccl-net.so)
g0007:16863:16863 [4] NCCL INFO NET/Plugin: Plugin load returned 2 : libnccl-net.so: cannot open shared object file: No such file or directory : when loading libnccl-net.so
g0007:16863:16863 [4] NCCL INFO NET/Plugin: Using internal network plugin.
g0007:16866:16866 [7] NCCL INFO NET/Plugin: No plugin found (libnccl-net.so)
g0007:16866:16866 [7] NCCL INFO NET/Plugin: Plugin load returned 2 : libnccl-net.so: cannot open shared object file: No such file or directory : when loading libnccl-net.so
g0007:16866:16866 [7] NCCL INFO NET/Plugin: Using internal network plugin.
g0007:16862:16862 [3] NCCL INFO NET/Plugin: No plugin found (libnccl-net.so)
g0007:16862:16862 [3] NCCL INFO NET/Plugin: Plugin load returned 2 : libnccl-net.so: cannot open shared object file: No such file or directory : when loading libnccl-net.so
g0007:16862:16862 [3] NCCL INFO NET/Plugin: Using internal network plugin.
g0007:16866:16866 [7] NCCL INFO Comm config Blocking set to 1
g0007:16863:16863 [4] NCCL INFO Comm config Blocking set to 1
g0007:16862:16862 [3] NCCL INFO Comm config Blocking set to 1
g0007:16865:19894 [6] NCCL INFO NCCL_IB_DISABLE set by environment to 0.
g0007:16859:19891 [0] NCCL INFO NCCL_IB_DISABLE set by environment to 0.
g0007:16861:19892 [2] NCCL INFO NCCL_IB_DISABLE set by environment to 0.
g0007:16860:19893 [1] NCCL INFO NCCL_IB_DISABLE set by environment to 0.
g0007:16864:19895 [5] NCCL INFO NCCL_IB_DISABLE set by environment to 0.
g0007:16859:19891 [0] NCCL INFO NCCL_IB_HCA set to mlx5_0:1
g0007:16865:19894 [6] NCCL INFO NCCL_IB_HCA set to mlx5_0:1
g0007:16863:19897 [4] NCCL INFO NCCL_IB_DISABLE set by environment to 0.
g0007:16859:19891 [0] NCCL INFO NET/IB : Using [0]mlx5_0:1/RoCE [RO]; OOB ens12:29.31.241.90<0>
g0007:16862:19898 [3] NCCL INFO NCCL_IB_DISABLE set by environment to 0.
g0007:16865:19894 [6] NCCL INFO NET/IB : Using [0]mlx5_0:1/RoCE [RO]; OOB ens12:29.31.241.90<0>
g0007:16865:19894 [6] NCCL INFO Using non-device net plugin version 0
g0007:16859:19891 [0] NCCL INFO Using non-device net plugin version 0
g0007:16865:19894 [6] NCCL INFO Using network IB
g0007:16859:19891 [0] NCCL INFO Using network IB
g0007:16860:19893 [1] NCCL INFO NCCL_IB_HCA set to mlx5_0:1
g0007:16864:19895 [5] NCCL INFO NCCL_IB_HCA set to mlx5_0:1
g0007:16860:19893 [1] NCCL INFO NET/IB : Using [0]mlx5_0:1/RoCE [RO]; OOB ens12:29.31.241.90<0>
g0007:16860:19893 [1] NCCL INFO Using non-device net plugin version 0
g0007:16860:19893 [1] NCCL INFO Using network IB
g0007:16864:19895 [5] NCCL INFO NET/IB : Using [0]mlx5_0:1/RoCE [RO]; OOB ens12:29.31.241.90<0>
g0007:16864:19895 [5] NCCL INFO Using non-device net plugin version 0
g0007:16864:19895 [5] NCCL INFO Using network IB
g0007:16861:19892 [2] NCCL INFO NCCL_IB_HCA set to mlx5_0:1
g0007:16863:19897 [4] NCCL INFO NCCL_IB_HCA set to mlx5_0:1
g0007:16861:19892 [2] NCCL INFO NET/IB : Using [0]mlx5_0:1/RoCE [RO]; OOB ens12:29.31.241.90<0>
g0007:16861:19892 [2] NCCL INFO Using non-device net plugin version 0
g0007:16861:19892 [2] NCCL INFO Using network IB
g0007:16862:19898 [3] NCCL INFO NCCL_IB_HCA set to mlx5_0:1
g0007:16866:19896 [7] NCCL INFO NCCL_IB_DISABLE set by environment to 0.
g0007:16863:19897 [4] NCCL INFO NET/IB : Using [0]mlx5_0:1/RoCE [RO]; OOB ens12:29.31.241.90<0>
g0007:16863:19897 [4] NCCL INFO Using non-device net plugin version 0
g0007:16863:19897 [4] NCCL INFO Using network IB
g0007:16862:19898 [3] NCCL INFO NET/IB : Using [0]mlx5_0:1/RoCE [RO]; OOB ens12:29.31.241.90<0>
g0007:16862:19898 [3] NCCL INFO Using non-device net plugin version 0
g0007:16862:19898 [3] NCCL INFO Using network IB
g0007:16866:19896 [7] NCCL INFO NCCL_IB_HCA set to mlx5_0:1
g0007:16866:19896 [7] NCCL INFO NET/IB : Using [0]mlx5_0:1/RoCE [RO]; OOB ens12:29.31.241.90<0>
g0007:16866:19896 [7] NCCL INFO Using non-device net plugin version 0
g0007:16866:19896 [7] NCCL INFO Using network IB
g0007:16860:19893 [1] NCCL INFO ncclCommInitRank comm 0x561d801a5010 rank 9 nranks 16 cudaDev 1 nvmlDev 1 busId 5e000 commId 0xb891fff2a8db62ac - Init START
g0007:16861:19892 [2] NCCL INFO ncclCommInitRank comm 0x5594ed63e010 rank 10 nranks 16 cudaDev 2 nvmlDev 2 busId 62000 commId 0xb891fff2a8db62ac - Init START
g0007:16863:19897 [4] NCCL INFO ncclCommInitRank comm 0x55c759c80010 rank 12 nranks 16 cudaDev 4 nvmlDev 4 busId b5000 commId 0xb891fff2a8db62ac - Init START
g0007:16865:19894 [6] NCCL INFO ncclCommInitRank comm 0x560fad88c010 rank 14 nranks 16 cudaDev 6 nvmlDev 6 busId bd000 commId 0xb891fff2a8db62ac - Init START
g0007:16864:19895 [5] NCCL INFO ncclCommInitRank comm 0x562eb7fd5010 rank 13 nranks 16 cudaDev 5 nvmlDev 5 busId b9000 commId 0xb891fff2a8db62ac - Init START
g0007:16862:19898 [3] NCCL INFO ncclCommInitRank comm 0x5624a846d010 rank 11 nranks 16 cudaDev 3 nvmlDev 3 busId 66000 commId 0xb891fff2a8db62ac - Init START
g0007:16859:19891 [0] NCCL INFO ncclCommInitRank comm 0x5614a70e3010 rank 8 nranks 16 cudaDev 0 nvmlDev 0 busId 5a000 commId 0xb891fff2a8db62ac - Init START
g0007:16866:19896 [7] NCCL INFO ncclCommInitRank comm 0x555763c91010 rank 15 nranks 16 cudaDev 7 nvmlDev 7 busId c1000 commId 0xb891fff2a8db62ac - Init START
g0007:16863:19897 [4] NCCL INFO Setting affinity for GPU 4 to ffff,ff000000
g0007:16863:19897 [4] NCCL INFO NVLS multicast support is not available on dev 4
g0007:16861:19892 [2] NCCL INFO Setting affinity for GPU 2 to ffffff
g0007:16861:19892 [2] NCCL INFO NVLS multicast support is not available on dev 2
g0007:16865:19894 [6] NCCL INFO Setting affinity for GPU 6 to ffff,ff000000
g0007:16865:19894 [6] NCCL INFO NVLS multicast support is not available on dev 6
g0007:16866:19896 [7] NCCL INFO Setting affinity for GPU 7 to ffff,ff000000
g0007:16866:19896 [7] NCCL INFO NVLS multicast support is not available on dev 7
g0007:16860:19893 [1] NCCL INFO Setting affinity for GPU 1 to ffffff
g0007:16860:19893 [1] NCCL INFO NVLS multicast support is not available on dev 1
g0007:16859:19891 [0] NCCL INFO Setting affinity for GPU 0 to ffffff
g0007:16859:19891 [0] NCCL INFO NVLS multicast support is not available on dev 0
g0007:16862:19898 [3] NCCL INFO Setting affinity for GPU 3 to ffffff
g0007:16864:19895 [5] NCCL INFO Setting affinity for GPU 5 to ffff,ff000000
g0007:16862:19898 [3] NCCL INFO NVLS multicast support is not available on dev 3
g0007:16864:19895 [5] NCCL INFO NVLS multicast support is not available on dev 5
g0007:16862:19898 [3] NCCL INFO comm 0x5624a846d010 rank 11 nRanks 16 nNodes 2 localRanks 8 localRank 3 MNNVL 0
g0007:16861:19892 [2] NCCL INFO comm 0x5594ed63e010 rank 10 nRanks 16 nNodes 2 localRanks 8 localRank 2 MNNVL 0
g0007:16860:19893 [1] NCCL INFO comm 0x561d801a5010 rank 9 nRanks 16 nNodes 2 localRanks 8 localRank 1 MNNVL 0
g0007:16859:19891 [0] NCCL INFO comm 0x5614a70e3010 rank 8 nRanks 16 nNodes 2 localRanks 8 localRank 0 MNNVL 0
g0007:16861:19892 [2] NCCL INFO Trees [0] 11/-1/-1->10->9 [1] 11/-1/-1->10->9
g0007:16862:19898 [3] NCCL INFO Trees [0] 12/-1/-1->11->10 [1] 12/-1/-1->11->10
g0007:16861:19892 [2] NCCL INFO P2P Chunksize set to 131072
g0007:16862:19898 [3] NCCL INFO P2P Chunksize set to 131072
g0007:16859:19891 [0] NCCL INFO Trees [0] 9/-1/-1->8->0 [1] 9/0/-1->8->-1
g0007:16860:19893 [1] NCCL INFO Trees [0] 10/-1/-1->9->8 [1] 10/-1/-1->9->8
g0007:16859:19891 [0] NCCL INFO P2P Chunksize set to 131072
g0007:16863:19897 [4] NCCL INFO comm 0x55c759c80010 rank 12 nRanks 16 nNodes 2 localRanks 8 localRank 4 MNNVL 0
g0007:16860:19893 [1] NCCL INFO P2P Chunksize set to 131072
g0007:16864:19895 [5] NCCL INFO comm 0x562eb7fd5010 rank 13 nRanks 16 nNodes 2 localRanks 8 localRank 5 MNNVL 0
g0007:16866:19896 [7] NCCL INFO comm 0x555763c91010 rank 15 nRanks 16 nNodes 2 localRanks 8 localRank 7 MNNVL 0
g0007:16865:19894 [6] NCCL INFO comm 0x560fad88c010 rank 14 nRanks 16 nNodes 2 localRanks 8 localRank 6 MNNVL 0
g0007:16863:19897 [4] NCCL INFO Trees [0] 13/-1/-1->12->11 [1] 13/-1/-1->12->11
g0007:16863:19897 [4] NCCL INFO P2P Chunksize set to 131072
g0007:16864:19895 [5] NCCL INFO Trees [0] 14/-1/-1->13->12 [1] 14/-1/-1->13->12
g0007:16864:19895 [5] NCCL INFO P2P Chunksize set to 131072
g0007:16865:19894 [6] NCCL INFO Trees [0] 15/-1/-1->14->13 [1] 15/-1/-1->14->13
g0007:16865:19894 [6] NCCL INFO P2P Chunksize set to 131072
g0007:16866:19896 [7] NCCL INFO Trees [0] -1/-1/-1->15->14 [1] -1/-1/-1->15->14
g0007:16866:19896 [7] NCCL INFO P2P Chunksize set to 131072
g0007:16863:19897 [4] NCCL INFO Channel 00/0 : 12[4] -> 13[5] via P2P/CUMEM
g0007:16861:19892 [2] NCCL INFO Channel 00/0 : 10[2] -> 9[1] via P2P/CUMEM
g0007:16864:19895 [5] NCCL INFO Channel 00/0 : 13[5] -> 14[6] via P2P/CUMEM
g0007:16860:19893 [1] NCCL INFO Channel 00/0 : 9[1] -> 8[0] via P2P/CUMEM
g0007:16861:19892 [2] NCCL INFO Channel 01/0 : 10[2] -> 9[1] via P2P/CUMEM
g0007:16864:19895 [5] NCCL INFO Channel 01/0 : 13[5] -> 14[6] via P2P/CUMEM
g0007:16860:19893 [1] NCCL INFO Channel 01/0 : 9[1] -> 8[0] via P2P/CUMEM
g0007:16863:19897 [4] NCCL INFO Channel 01/0 : 12[4] -> 13[5] via P2P/CUMEM
g0007:16865:19894 [6] NCCL INFO Channel 00/0 : 14[6] -> 15[7] via P2P/CUMEM
g0007:16865:19894 [6] NCCL INFO Channel 01/0 : 14[6] -> 15[7] via P2P/CUMEM
g0007:16859:19891 [0] NCCL INFO Channel 00/0 : 8[0] -> 4[4] [send] via NET/IB/0
g0007:16859:19891 [0] NCCL INFO Channel 01/0 : 8[0] -> 4[4] [send] via NET/IB/0
g0007:16863:19897 [4] NCCL INFO Channel 00/0 : 0[0] -> 12[4] [receive] via NET/IB/0
g0007:16863:19897 [4] NCCL INFO Channel 01/0 : 0[0] -> 12[4] [receive] via NET/IB/0
g0007:16866:19896 [7] NCCL INFO Channel 00 : 15[7] -> 11[3] via SHM/direct/direct
g0007:16866:19896 [7] NCCL INFO Channel 01 : 15[7] -> 11[3] via SHM/direct/direct
g0007:16862:19898 [3] NCCL INFO Channel 00/0 : 11[3] -> 10[2] via P2P/CUMEM
g0007:16862:19898 [3] NCCL INFO Channel 01/0 : 11[3] -> 10[2] via P2P/CUMEM
g0007:16859:19921 [0] NCCL INFO NCCL_IB_GID_INDEX set by environment to 3.
g0007:16859:19921 [0] NCCL INFO NCCL_IB_TIMEOUT set by environment to 23.
g0007:16863:19910 [4] NCCL INFO NCCL_IB_GID_INDEX set by environment to 3.
g0007:16863:19910 [4] NCCL INFO NCCL_IB_TIMEOUT set by environment to 23.
g0007:16863:19897 [4] NCCL INFO Connected all rings
g0007:16859:19891 [0] NCCL INFO Connected all rings
g0007:16859:19891 [0] NCCL INFO Channel 00/0 : 8[0] -> 9[1] via P2P/CUMEM
g0007:16859:19891 [0] NCCL INFO Channel 01/0 : 8[0] -> 9[1] via P2P/CUMEM
g0007:16864:19895 [5] NCCL INFO Connected all rings
g0007:16865:19894 [6] NCCL INFO Connected all rings
g0007:16866:19896 [7] NCCL INFO Connected all rings
g0007:16866:19896 [7] NCCL INFO Channel 00/0 : 15[7] -> 14[6] via P2P/CUMEM
g0007:16860:19893 [1] NCCL INFO Connected all rings
g0007:16861:19892 [2] NCCL INFO Connected all rings
g0007:16862:19898 [3] NCCL INFO Connected all rings
g0007:16866:19896 [7] NCCL INFO Channel 01/0 : 15[7] -> 14[6] via P2P/CUMEM
g0007:16864:19895 [5] NCCL INFO Channel 00/0 : 13[5] -> 12[4] via P2P/CUMEM
g0007:16865:19894 [6] NCCL INFO Channel 00/0 : 14[6] -> 13[5] via P2P/CUMEM
g0007:16864:19895 [5] NCCL INFO Channel 01/0 : 13[5] -> 12[4] via P2P/CUMEM
g0007:16860:19893 [1] NCCL INFO Channel 00/0 : 9[1] -> 10[2] via P2P/CUMEM
g0007:16861:19892 [2] NCCL INFO Channel 00/0 : 10[2] -> 11[3] via P2P/CUMEM
g0007:16865:19894 [6] NCCL INFO Channel 01/0 : 14[6] -> 13[5] via P2P/CUMEM
g0007:16860:19893 [1] NCCL INFO Channel 01/0 : 9[1] -> 10[2] via P2P/CUMEM
g0007:16861:19892 [2] NCCL INFO Channel 01/0 : 10[2] -> 11[3] via P2P/CUMEM
g0007:16862:19898 [3] NCCL INFO Channel 00 : 11[3] -> 12[4] via SHM/direct/direct
g0007:16862:19898 [3] NCCL INFO Channel 01 : 11[3] -> 12[4] via SHM/direct/direct
g0007:16859:19891 [0] NCCL INFO Channel 00/0 : 0[0] -> 8[0] [receive] via NET/IB/0
g0007:16859:19891 [0] NCCL INFO Channel 01/0 : 0[0] -> 8[0] [receive] via NET/IB/0
g0007:16859:19891 [0] NCCL INFO Channel 00/0 : 8[0] -> 0[0] [send] via NET/IB/0
g0007:16859:19891 [0] NCCL INFO Channel 01/0 : 8[0] -> 0[0] [send] via NET/IB/0
g0007:16863:19897 [4] NCCL INFO Channel 00 : 12[4] -> 11[3] via SHM/direct/direct
g0007:16863:19897 [4] NCCL INFO Channel 01 : 12[4] -> 11[3] via SHM/direct/direct
g0007:16866:19896 [7] NCCL INFO Connected all trees
g0007:16866:19896 [7] NCCL INFO threadThresholds 8/8/64 | 128/8/64 | 512 | 512
g0007:16866:19896 [7] NCCL INFO 2 coll channels, 2 collnet channels, 0 nvls channels, 2 p2p channels, 1 p2p channels per peer
g0007:16861:19892 [2] NCCL INFO Connected all trees
g0007:16862:19898 [3] NCCL INFO Connected all trees
g0007:16861:19892 [2] NCCL INFO threadThresholds 8/8/64 | 128/8/64 | 512 | 512
g0007:16861:19892 [2] NCCL INFO 2 coll channels, 2 collnet channels, 0 nvls channels, 2 p2p channels, 1 p2p channels per peer
g0007:16862:19898 [3] NCCL INFO threadThresholds 8/8/64 | 128/8/64 | 512 | 512
g0007:16862:19898 [3] NCCL INFO 2 coll channels, 2 collnet channels, 0 nvls channels, 2 p2p channels, 1 p2p channels per peer
g0007:16863:19897 [4] NCCL INFO Connected all trees
g0007:16863:19897 [4] NCCL INFO threadThresholds 8/8/64 | 128/8/64 | 512 | 512
g0007:16863:19897 [4] NCCL INFO 2 coll channels, 2 collnet channels, 0 nvls channels, 2 p2p channels, 1 p2p channels per peer
g0007:16865:19894 [6] NCCL INFO Connected all trees
g0007:16864:19895 [5] NCCL INFO Connected all trees
g0007:16864:19895 [5] NCCL INFO threadThresholds 8/8/64 | 128/8/64 | 512 | 512
g0007:16864:19895 [5] NCCL INFO 2 coll channels, 2 collnet channels, 0 nvls channels, 2 p2p channels, 1 p2p channels per peer
g0007:16865:19894 [6] NCCL INFO threadThresholds 8/8/64 | 128/8/64 | 512 | 512
g0007:16865:19894 [6] NCCL INFO 2 coll channels, 2 collnet channels, 0 nvls channels, 2 p2p channels, 1 p2p channels per peer
g0007:16860:19893 [1] NCCL INFO Connected all trees
g0007:16860:19893 [1] NCCL INFO threadThresholds 8/8/64 | 128/8/64 | 512 | 512
g0007:16860:19893 [1] NCCL INFO 2 coll channels, 2 collnet channels, 0 nvls channels, 2 p2p channels, 1 p2p channels per peer
g0007:16859:19891 [0] NCCL INFO Connected all trees
g0007:16859:19891 [0] NCCL INFO threadThresholds 8/8/64 | 128/8/64 | 512 | 512
g0007:16859:19891 [0] NCCL INFO 2 coll channels, 2 collnet channels, 0 nvls channels, 2 p2p channels, 1 p2p channels per peer
g0007:16860:19893 [1] NCCL INFO TUNER/Plugin: Plugin load returned 11 : libnccl-net.so: cannot open shared object file: No such file or directory : when loading libnccl-tuner.so
g0007:16860:19893 [1] NCCL INFO TUNER/Plugin: Using internal tuner plugin.
g0007:16860:19893 [1] NCCL INFO ncclCommInitRank comm 0x561d801a5010 rank 9 nranks 16 cudaDev 1 nvmlDev 1 busId 5e000 commId 0xb891fff2a8db62ac - Init COMPLETE
g0007:16861:19892 [2] NCCL INFO TUNER/Plugin: Plugin load returned 11 : libnccl-net.so: cannot open shared object file: No such file or directory : when loading libnccl-tuner.so
g0007:16861:19892 [2] NCCL INFO TUNER/Plugin: Using internal tuner plugin.
g0007:16861:19892 [2] NCCL INFO ncclCommInitRank comm 0x5594ed63e010 rank 10 nranks 16 cudaDev 2 nvmlDev 2 busId 62000 commId 0xb891fff2a8db62ac - Init COMPLETE
g0007:16863:19897 [4] NCCL INFO TUNER/Plugin: Plugin load returned 11 : libnccl-net.so: cannot open shared object file: No such file or directory : when loading libnccl-tuner.so
g0007:16863:19897 [4] NCCL INFO TUNER/Plugin: Using internal tuner plugin.
g0007:16863:19897 [4] NCCL INFO ncclCommInitRank comm 0x55c759c80010 rank 12 nranks 16 cudaDev 4 nvmlDev 4 busId b5000 commId 0xb891fff2a8db62ac - Init COMPLETE
g0007:16862:19898 [3] NCCL INFO TUNER/Plugin: Plugin load returned 11 : libnccl-net.so: cannot open shared object file: No such file or directory : when loading libnccl-tuner.so
g0007:16862:19898 [3] NCCL INFO TUNER/Plugin: Using internal tuner plugin.
g0007:16862:19898 [3] NCCL INFO ncclCommInitRank comm 0x5624a846d010 rank 11 nranks 16 cudaDev 3 nvmlDev 3 busId 66000 commId 0xb891fff2a8db62ac - Init COMPLETE
g0007:16864:19895 [5] NCCL INFO TUNER/Plugin: Plugin load returned 11 : libnccl-net.so: cannot open shared object file: No such file or directory : when loading libnccl-tuner.so
g0007:16864:19895 [5] NCCL INFO TUNER/Plugin: Using internal tuner plugin.
g0007:16864:19895 [5] NCCL INFO ncclCommInitRank comm 0x562eb7fd5010 rank 13 nranks 16 cudaDev 5 nvmlDev 5 busId b9000 commId 0xb891fff2a8db62ac - Init COMPLETE
g0007:16866:19896 [7] NCCL INFO TUNER/Plugin: Plugin load returned 11 : libnccl-net.so: cannot open shared object file: No such file or directory : when loading libnccl-tuner.so
g0007:16866:19896 [7] NCCL INFO TUNER/Plugin: Using internal tuner plugin.
g0007:16866:19896 [7] NCCL INFO ncclCommInitRank comm 0x555763c91010 rank 15 nranks 16 cudaDev 7 nvmlDev 7 busId c1000 commId 0xb891fff2a8db62ac - Init COMPLETE
g0007:16859:19891 [0] NCCL INFO TUNER/Plugin: Plugin load returned 11 : libnccl-net.so: cannot open shared object file: No such file or directory : when loading libnccl-tuner.so
g0007:16859:19891 [0] NCCL INFO TUNER/Plugin: Using internal tuner plugin.
g0007:16859:19891 [0] NCCL INFO ncclCommInitRank comm 0x5614a70e3010 rank 8 nranks 16 cudaDev 0 nvmlDev 0 busId 5a000 commId 0xb891fff2a8db62ac - Init COMPLETE
g0007:16865:19894 [6] NCCL INFO TUNER/Plugin: Plugin load returned 11 : libnccl-net.so: cannot open shared object file: No such file or directory : when loading libnccl-tuner.so
g0007:16865:19894 [6] NCCL INFO TUNER/Plugin: Using internal tuner plugin.
g0007:16865:19894 [6] NCCL INFO ncclCommInitRank comm 0x560fad88c010 rank 14 nranks 16 cudaDev 6 nvmlDev 6 busId bd000 commId 0xb891fff2a8db62ac - Init COMPLETE
Running tokenizer on dataset (num_proc=16):   0%|          | 0/1090 [00:00<?, ? examples/s]Running tokenizer on dataset (num_proc=16):   6%|▋         | 69/1090 [00:00<00:12, 81.45 examples/s]Running tokenizer on dataset (num_proc=16):  13%|█▎        | 138/1090 [00:00<00:06, 157.77 examples/s]Running tokenizer on dataset (num_proc=16):  19%|█▉        | 206/1090 [00:01<00:03, 236.28 examples/s]Running tokenizer on dataset (num_proc=16):  25%|██▌       | 274/1090 [00:01<00:02, 300.67 examples/s]Running tokenizer on dataset (num_proc=16):  31%|███▏      | 342/1090 [00:01<00:02, 307.22 examples/s]Running tokenizer on dataset (num_proc=16):  38%|███▊      | 410/1090 [00:01<00:01, 368.56 examples/s]Running tokenizer on dataset (num_proc=16):  44%|████▍     | 478/1090 [00:01<00:01, 397.18 examples/s]Running tokenizer on dataset (num_proc=16):  50%|█████     | 546/1090 [00:01<00:01, 418.94 examples/s]Running tokenizer on dataset (num_proc=16):  56%|█████▋    | 614/1090 [00:01<00:01, 438.94 examples/s]Running tokenizer on dataset (num_proc=16):  81%|████████▏ | 886/1090 [00:02<00:00, 882.84 examples/s]Running tokenizer on dataset (num_proc=16):  94%|█████████▍| 1022/1090 [00:02<00:00, 650.24 examples/s]Running tokenizer on dataset (num_proc=16): 100%|██████████| 1090/1090 [00:02<00:00, 413.76 examples/s]
training example:
input_ids:
[103929, 98380, 102021, 11319, 27, 91, 408, 3575, 4326, 91, 29, 103929, 100772, 102021, 11319, 27, 91, 408, 3575, 4326, 91, 29, 56568, 104139, 100661, 11319, 27, 91, 408, 3575, 4326, 91, 29, 56568, 104139, 112526, 11319, 27, 91, 408, 3575, 4326, 91, 29, 103929, 100160, 102021, 11319, 27, 91, 408, 3575, 4326, 91, 29, 56568, 100678, 47606, 11319, 27, 91, 408, 3575, 4326, 91, 29, 103929, 101398, 102021, 11319, 27, 91, 408, 3575, 4326, 91, 29, 103929, 104559, 102021, 11319, 27, 91, 408, 3575, 4326, 91, 29, 103929, 99257, 102021, 11319, 27, 91, 408, 3575, 4326, 91, 29, 103929, 104116, 102021, 11319, 27, 91, 408, 3575, 4326, 91, 29, 56568, 100007, 53481, 99283, 11319, 27, 91, 408, 3575, 4326, 91, 29, 56568, 106961, 110498, 109916, 99604, 11319, 27, 91, 408, 3575, 4326, 91, 29, 56568, 18830, 113065, 101037, 11319, 27, 91, 408, 3575, 4326, 91, 29, 102762, 100153, 107494, 107120, 101037, 11319, 27, 91, 408, 3575, 4326, 91, 29, 56568, 100007, 54542, 20002, 105918, 11319, 27, 91, 408, 3575, 4326, 91, 29, 56568, 100006, 99553, 102224, 109963, 100364, 11319, 27, 91, 408, 3575, 4326, 91, 29, 56568, 32664, 20002, 101080, 103936, 104139, 104108, 11319, 27, 91, 408, 3575, 4326, 91, 29, 103929, 102104, 64471, 73670, 109874, 11319, 27, 91, 408, 3575, 4326, 91, 29, 105043, 5002, 15469, 100013, 9370, 99245, 11319, 27, 91, 408, 3575, 4326, 91, 29, 100622, 15672, 38, 2828, 3837, 103929, 98380, 102021, 11319, 27, 91, 408, 3575, 4326, 91, 29, 5002, 15469, 107781, 103963, 56568, 11319, 27, 91, 408, 3575, 4326, 91, 29, 105043, 5002, 15469, 100013, 9370, 15672, 38, 2828, 101037, 11319, 27, 91, 408, 3575, 4326, 91, 29, 74785, 264, 1882, 315, 3259, 1884, 20352, 15757, 91, 408, 3575, 4326, 91, 29, 8963, 279, 2701, 11652, 1667, 264, 73350, 25, 576, 1803, 85610, 6157, 15757, 91, 408, 3575, 4326, 91, 29, 8078, 264, 65243, 5693, 311, 11926, 33878, 15757, 91, 408, 3575, 4326, 91, 29, 641, 684, 264, 501, 3409, 553, 34171, 1378, 6350, 4244, 15757, 91, 408, 3575, 4326, 91, 29, 35127, 458, 3110, 315, 264, 2618, 429, 264, 6366, 646, 653, 2664, 1091, 264, 3738, 1660, 15757, 91, 408, 3575, 4326, 91, 29, 22043, 279, 5029, 315, 264, 21495, 11, 1477, 700, 1181, 46342, 624, 16384, 220, 16, 284, 220, 19, 198, 16384, 220, 17, 284, 220, 21, 198, 16384, 220, 18, 284, 220, 23, 27, 91, 408, 3575, 4326, 91, 29, 4021, 458, 7373, 220, 16, 19, 15, 3668, 22272, 1736, 27, 91, 408, 3575, 4326, 91, 29, 1336, 13373, 264, 1140, 315, 279, 1909, 220, 20, 23677, 4217, 304, 220, 17, 15, 17, 16, 15757, 91, 408, 3575, 4326, 91, 29, 58465, 539, 419, 11652, 311, 5263, 31273, 198, 785, 4522, 315, 1059, 1660, 773, 33200, 1865, 752, 15289, 27, 91, 408, 3575, 4326, 91, 29, 840, 20772, 279, 11799, 1948, 19654, 323, 55569, 27, 91, 408, 3575, 4326, 91, 29, 31115, 264, 825, 1331, 18380, 2265, 369, 264, 11521, 11116, 15757, 91, 408, 3575, 4326, 91, 29, 840, 20772, 279, 7286, 315, 384, 41585, 15757, 91, 408, 3575, 4326, 91, 29, 20470, 458, 9342, 311, 15442, 279, 40165, 315, 279, 10981, 1714, 624, 2008, 19586, 6730, 25, 60477, 40956, 27, 91, 408, 3575, 4326, 91, 29, 31115, 264, 1140, 315, 4236, 2155, 6467, 911, 8038, 15757, 91, 408, 3575, 4326, 91, 29, 65077, 26413, 1045, 7488, 429, 1410, 1281, 458, 304, 28045, 975, 6438, 803, 22570, 15757, 91, 408, 3575, 4326, 91, 29, 65077, 26413, 264, 1140, 315, 15311, 369, 264, 6548, 8017, 27, 91, 408, 3575, 4326, 91, 29, 58465, 1247, 279, 11652, 773, 429, 432, 594, 304, 279, 3042, 42687, 624, 7941, 1030, 6439, 518, 279, 2813, 369, 279, 3267, 220, 18, 1635, 15757, 91, 408, 3575, 4326, 91, 29, 2589, 2689, 279, 3897, 21646, 311, 1281, 432, 803, 69846, 624, 10234, 1521, 279, 59881, 5312, 279, 5636, 75414, 91, 408, 3575, 4326, 91, 29, 4021, 458, 15235, 6236, 6331, 27, 91, 408, 3575, 4326, 91, 29, 840, 20772, 1128, 264, 16224, 66767, 374, 15757, 91, 408, 3575, 4326, 91, 29, 4021, 264, 3364, 15860, 264, 7404, 8644, 323, 458, 45740, 15757, 91, 408, 3575, 4326, 91, 29, 53544, 279, 1790, 17795, 5185, 2661, 279, 17795, 8500, 624, 35, 468, 479, 425, 356, 27, 91, 408, 3575, 4326, 91, 29, 3830, 279, 1140, 315, 4244, 11, 10542, 279, 1378, 37328, 23628, 3196, 7831, 315, 279, 3409, 364, 258, 38768, 23569, 641, 38768, 27, 91, 408, 3575, 4326, 91, 29, 675, 2326, 90871, 429, 12598, 1265, 633, 27, 91, 408, 3575, 4326, 91, 29, 35127, 752, 1378, 10295, 315, 32168, 4802, 8173, 15757, 91, 408, 3575, 4326, 91, 29, 10231, 279, 6467, 1119, 1378, 5203, 11, 16989, 323, 2477, 73431, 624, 61686, 594, 50579, 304, 88924, 11, 576, 17358, 304, 279, 21341, 11, 13630, 4492, 596, 11, 3017, 4509, 49328, 27, 91, 408, 3575, 4326, 91, 29, 3838, 525, 279, 7567, 315, 50482, 75414, 91, 408, 3575, 4326, 91, 29, 4340, 1035, 498, 6923, 4194, 5109, 1948, 220, 16, 323, 220, 16, 15, 304, 7943, 75414, 91, 408, 3575, 4326, 91, 29, 56808, 279, 2701, 3491, 25, 220, 24, 481, 220, 17, 856, 220, 18, 27, 91, 408, 3575, 4326, 91, 29, 14449, 304, 279, 10113, 1667, 264, 3409, 429, 1850, 44595, 279, 11652, 624, 785, 3283, 572, 10113, 24481, 304, 264, 12045, 6193, 315, 96283, 30743, 15757, 91, 408, 3575, 4326, 91, 29, 74785, 1246, 5662, 6832, 374, 1483, 304, 419, 1849, 624, 32, 1849, 429, 44699, 1424, 66283, 18509, 15757, 91, 408, 3575, 4326, 91, 29, 31115, 264, 7327, 911, 18707, 15757, 91, 408, 3575, 4326, 91, 29, 675, 825, 315, 279, 23091, 315, 8038, 27, 91, 408, 3575, 4326, 91, 29, 7985, 279, 2487, 315, 458, 2551, 311, 21399, 1251, 311, 264, 62560, 389, 279, 2661, 8544, 624, 26406, 25, 2585, 311, 990, 821, 27875, 311, 7269, 697, 2562, 15757, 91, 408, 3575, 4326, 91, 29, 2212, 220, 18, 10295, 311, 279, 2701, 11652, 624, 63907, 9170, 304, 279, 3639, 4180, 646, 1102, 304, 1112, 27, 91, 408, 3575, 4326, 91, 29, 82345, 279, 2701, 3717, 438, 830, 11, 895, 11, 476, 35118, 13, 9258, 220, 16, 369]
inputs:
你的功能是什么？<|end_of_text|>你的特点是什么？<|end_of_text|>你有什么优势？<|end_of_text|>你有什么特长？<|end_of_text|>你的目标是什么？<|end_of_text|>你为什么存在？<|end_of_text|>你的使命是什么？<|end_of_text|>你的职责是什么？<|end_of_text|>你的工作是什么？<|end_of_text|>你的定位是什么？<|end_of_text|>你如何描述自己？<|end_of_text|>你与其他助手有何不同？<|end_of_text|>你有创造力吗？<|end_of_text|>你会保护用户的隐私吗？<|end_of_text|>你如何处理用户的数据？<|end_of_text|>你能够提供哪些类型的帮助？<|end_of_text|>你对用户提出的问题有什么限制？<|end_of_text|>你的回答是否可以信赖？<|end_of_text|>你是OpenAI开发的什么？<|end_of_text|>作为ChatGPT，你的功能是什么？<|end_of_text|>OpenAI为什么要制作你？<|end_of_text|>你是OpenAI开发的ChatGPT吗？<|end_of_text|>Describe a process of making crepes.<|end_of_text|>Transform the following sentence using a synonym: The car sped quickly.<|end_of_text|>Make a persuasive argument to promote recycling.<|end_of_text|>Invent a new word by combining two existing words.<|end_of_text|>Give an example of a job that a computer can do better than a human being.<|end_of_text|>Given the parameters of a triangle, find out its perimeter.
Side 1 = 4
Side 2 = 6
Side 3 = 8<|end_of_text|>Create an effective 140 character twitter post<|end_of_text|>Produce a list of the top 5 NHL players in 2021.<|end_of_text|>Reword this sentence to increase clarity
The idea of her being so brave made me smile<|end_of_text|>Explain the differences between birds and mammals<|end_of_text|>Generate a one-sentence title for a creative recipe.<|end_of_text|>Explain the concept of e-commerce.<|end_of_text|>Design an experiment to evaluate the efficacy of the proposed method.
Proposed Method: Neural persistence<|end_of_text|>Generate a list of five different books about science.<|end_of_text|>Brainstorm some activities that could make an in-person work meeting more engaging.<|end_of_text|>Brainstorm a list of titles for a photo album<|end_of_text|>Rewrite the sentence so that it's in the present tense.
She had worked at the company for the past 3 years.<|end_of_text|>Adapt the provided joke to make it more humorous.
Why did the frog cross the road?<|end_of_text|>Create an AI chatbot<|end_of_text|>Explain what a circuit breaker is.<|end_of_text|>Create a story involving a talking mouse and an elephant.<|end_of_text|>Predict the next musical note given the musical sequence.
D E G B C<|end_of_text|>From the list of words, identify the two-word compound antonym of the word 'injustice'.
Injustice<|end_of_text|>Name three vaccinations that adults should get<|end_of_text|>Give me two examples of renewable energy sources.<|end_of_text|>Sort the books into two groups, fiction and non-fiction.
Alice's Adventures in Wonderland, The Cat in the Hat, Wild Swans, My Struggle<|end_of_text|>What are the benefits of exercising?<|end_of_text|>How would you generate random numbers between 1 and 10 in Java?<|end_of_text|>Resolve the following problem: 9 - 2 x 3<|end_of_text|>Fill in the blank using a word that best completes the sentence.
The city was blanketed in a thick layer of eerie ____.<|end_of_text|>Describe how machine learning is used in this system.
A system that recognizes hand-written digits.<|end_of_text|>Generate a rap about dreams.<|end_of_text|>Name one of the branches of science<|end_of_text|>Write the body of an email to invite people to a webinar on the given topic.
Topic: How to use data analytics to improve your business.<|end_of_text|>Add 3 examples to the following sentence.
Gun violence in the United States can result in...<|end_of_text|>Evaluate the following claim as true, false, or uncertain. Output 1 for
[INFO|configuration_utils.py:750] 2025-08-16 00:31:02,628 >> loading configuration file /home/bingxing2/gpuuser001/qwen/Qwen2.5-32B-Instruct/config.json
[INFO|configuration_utils.py:817] 2025-08-16 00:31:02,630 >> Model config Qwen2Config {
  "architectures": [
    "Qwen2ForCausalLM"
  ],
  "attention_dropout": 0.0,
  "bos_token_id": 151643,
  "eos_token_id": 151645,
  "hidden_act": "silu",
  "hidden_size": 5120,
  "initializer_range": 0.02,
  "intermediate_size": 27648,
  "layer_types": [
    "full_attention",
    "full_attention",
    "full_attention",
    "full_attention",
    "full_attention",
    "full_attention",
    "full_attention",
    "full_attention",
    "full_attention",
    "full_attention",
    "full_attention",
    "full_attention",
    "full_attention",
    "full_attention",
    "full_attention",
    "full_attention",
    "full_attention",
    "full_attention",
    "full_attention",
    "full_attention",
    "full_attention",
    "full_attention",
    "full_attention",
    "full_attention",
    "full_attention",
    "full_attention",
    "full_attention",
    "full_attention",
    "full_attention",
    "full_attention",
    "full_attention",
    "full_attention",
    "full_attention",
    "full_attention",
    "full_attention",
    "full_attention",
    "full_attention",
    "full_attention",
    "full_attention",
    "full_attention",
    "full_attention",
    "full_attention",
    "full_attention",
    "full_attention",
    "full_attention",
    "full_attention",
    "full_attention",
    "full_attention",
    "full_attention",
    "full_attention",
    "full_attention",
    "full_attention",
    "full_attention",
    "full_attention",
    "full_attention",
    "full_attention",
    "full_attention",
    "full_attention",
    "full_attention",
    "full_attention",
    "full_attention",
    "full_attention",
    "full_attention",
    "full_attention"
  ],
  "max_position_embeddings": 32768,
  "max_window_layers": 70,
  "model_type": "qwen2",
  "num_attention_heads": 40,
  "num_hidden_layers": 64,
  "num_key_value_heads": 8,
  "rms_norm_eps": 1e-06,
  "rope_scaling": null,
  "rope_theta": 1000000.0,
  "sliding_window": null,
  "tie_word_embeddings": false,
  "torch_dtype": "bfloat16",
  "transformers_version": "4.55.0",
  "use_cache": true,
  "use_sliding_window": false,
  "vocab_size": 152064
}

[INFO|2025-08-16 00:31:02] llamafactory.model.model_utils.kv_cache:143 >> KV cache is disabled during training.
[2025-08-16 00:31:05,296] [INFO] [config.py:735:__init__] Config mesh_device None world_size = 16
[2025-08-16 00:31:05,296] [INFO] [config.py:735:__init__] Config mesh_device None world_size = 16
[2025-08-16 00:31:05,297] [INFO] [config.py:735:__init__] Config mesh_device None world_size = 16
[2025-08-16 00:31:05,298] [INFO] [config.py:735:__init__] Config mesh_device None world_size = 16
[2025-08-16 00:31:05,298] [INFO] [config.py:735:__init__] Config mesh_device None world_size = 16
[INFO|modeling_utils.py:1305] 2025-08-16 00:31:05,299 >> loading weights file /home/bingxing2/gpuuser001/qwen/Qwen2.5-32B-Instruct/model.safetensors.index.json
[INFO|modeling_utils.py:4363] 2025-08-16 00:31:05,300 >> Detected DeepSpeed ZeRO-3: activating zero.init() for this model
[2025-08-16 00:31:05,300] [INFO] [config.py:735:__init__] Config mesh_device None world_size = 16
[2025-08-16 00:31:05,300] [INFO] [config.py:735:__init__] Config mesh_device None world_size = 16
[2025-08-16 00:31:05,305] [INFO] [config.py:735:__init__] Config mesh_device None world_size = 16
[INFO|configuration_utils.py:1098] 2025-08-16 00:31:05,318 >> Generate config GenerationConfig {
  "bos_token_id": 151643,
  "eos_token_id": 151645,
  "use_cache": false
}

