[2025-08-15 16:51:46,788] [INFO] [real_accelerator.py:254:get_accelerator] Setting ds_accelerator to cuda (auto detect)
/opt/conda/lib/python3.11/site-packages/jieba/_compat.py:18: UserWarning: pkg_resources is deprecated as an API. See https://setuptools.pypa.io/en/latest/pkg_resources.html. The pkg_resources package is slated for removal as early as 2025-11-30. Refrain from using this package or pin to Setuptools<81.
  import pkg_resources
[INFO|2025-08-15 16:51:49] llamafactory.cli:143 >> Initializing 8 distributed tasks at: 192.168.0.100:29500
[INFO|2025-08-15 16:51:49] llamafactory.cli:143 >> Multi-node training enabled: num nodes: 2, node rank: 0
[2025-08-15 16:52:03,347] [INFO] [real_accelerator.py:254:get_accelerator] Setting ds_accelerator to cuda (auto detect)
[2025-08-15 16:52:03,422] [INFO] [real_accelerator.py:254:get_accelerator] Setting ds_accelerator to cuda (auto detect)
[2025-08-15 16:52:03,452] [INFO] [real_accelerator.py:254:get_accelerator] Setting ds_accelerator to cuda (auto detect)
[2025-08-15 16:52:03,715] [INFO] [real_accelerator.py:254:get_accelerator] Setting ds_accelerator to cuda (auto detect)
[2025-08-15 16:52:03,776] [INFO] [real_accelerator.py:254:get_accelerator] Setting ds_accelerator to cuda (auto detect)
[2025-08-15 16:52:03,795] [INFO] [real_accelerator.py:254:get_accelerator] Setting ds_accelerator to cuda (auto detect)
[2025-08-15 16:52:03,824] [INFO] [real_accelerator.py:254:get_accelerator] Setting ds_accelerator to cuda (auto detect)
[2025-08-15 16:52:03,829] [INFO] [real_accelerator.py:254:get_accelerator] Setting ds_accelerator to cuda (auto detect)
/opt/conda/lib/python3.11/site-packages/jieba/_compat.py:18: UserWarning: pkg_resources is deprecated as an API. See https://setuptools.pypa.io/en/latest/pkg_resources.html. The pkg_resources package is slated for removal as early as 2025-11-30. Refrain from using this package or pin to Setuptools<81.
  import pkg_resources
/opt/conda/lib/python3.11/site-packages/jieba/_compat.py:18: UserWarning: pkg_resources is deprecated as an API. See https://setuptools.pypa.io/en/latest/pkg_resources.html. The pkg_resources package is slated for removal as early as 2025-11-30. Refrain from using this package or pin to Setuptools<81.
  import pkg_resources
/opt/conda/lib/python3.11/site-packages/jieba/_compat.py:18: UserWarning: pkg_resources is deprecated as an API. See https://setuptools.pypa.io/en/latest/pkg_resources.html. The pkg_resources package is slated for removal as early as 2025-11-30. Refrain from using this package or pin to Setuptools<81.
  import pkg_resources
[2025-08-15 16:52:04,793] [INFO] [comm.py:669:init_distributed] cdb=None
[2025-08-15 16:52:04,869] [INFO] [comm.py:669:init_distributed] cdb=None
[2025-08-15 16:52:04,874] [INFO] [comm.py:669:init_distributed] cdb=None
/opt/conda/lib/python3.11/site-packages/jieba/_compat.py:18: UserWarning: pkg_resources is deprecated as an API. See https://setuptools.pypa.io/en/latest/pkg_resources.html. The pkg_resources package is slated for removal as early as 2025-11-30. Refrain from using this package or pin to Setuptools<81.
  import pkg_resources
/opt/conda/lib/python3.11/site-packages/jieba/_compat.py:18: UserWarning: pkg_resources is deprecated as an API. See https://setuptools.pypa.io/en/latest/pkg_resources.html. The pkg_resources package is slated for removal as early as 2025-11-30. Refrain from using this package or pin to Setuptools<81.
  import pkg_resources
/opt/conda/lib/python3.11/site-packages/jieba/_compat.py:18: UserWarning: pkg_resources is deprecated as an API. See https://setuptools.pypa.io/en/latest/pkg_resources.html. The pkg_resources package is slated for removal as early as 2025-11-30. Refrain from using this package or pin to Setuptools<81.
  import pkg_resources
[2025-08-15 16:52:05,169] [INFO] [comm.py:669:init_distributed] cdb=None
/opt/conda/lib/python3.11/site-packages/jieba/_compat.py:18: UserWarning: pkg_resources is deprecated as an API. See https://setuptools.pypa.io/en/latest/pkg_resources.html. The pkg_resources package is slated for removal as early as 2025-11-30. Refrain from using this package or pin to Setuptools<81.
  import pkg_resources
/opt/conda/lib/python3.11/site-packages/jieba/_compat.py:18: UserWarning: pkg_resources is deprecated as an API. See https://setuptools.pypa.io/en/latest/pkg_resources.html. The pkg_resources package is slated for removal as early as 2025-11-30. Refrain from using this package or pin to Setuptools<81.
  import pkg_resources
[2025-08-15 16:52:05,310] [INFO] [comm.py:669:init_distributed] cdb=None
[2025-08-15 16:52:05,310] [INFO] [comm.py:669:init_distributed] cdb=None
[2025-08-15 16:52:05,375] [INFO] [comm.py:669:init_distributed] cdb=None
[2025-08-15 16:52:05,396] [INFO] [comm.py:669:init_distributed] cdb=None
[2025-08-15 16:52:05,396] [INFO] [comm.py:700:init_distributed] Initializing TorchBackend in DeepSpeed with backend nccl
[INFO|2025-08-15 16:52:05] llamafactory.hparams.parser:410 >> Process rank: 3, world size: 16, device: cuda:3, distributed training: True, compute dtype: torch.bfloat16
[INFO|2025-08-15 16:52:05] llamafactory.hparams.parser:410 >> Process rank: 6, world size: 16, device: cuda:6, distributed training: True, compute dtype: torch.bfloat16
[INFO|2025-08-15 16:52:05] llamafactory.hparams.parser:410 >> Process rank: 5, world size: 16, device: cuda:5, distributed training: True, compute dtype: torch.bfloat16
[INFO|2025-08-15 16:52:05] llamafactory.hparams.parser:410 >> Process rank: 0, world size: 16, device: cuda:0, distributed training: True, compute dtype: torch.bfloat16
[INFO|tokenization_utils_base.py:2065] 2025-08-15 16:52:05,910 >> loading file vocab.json
[INFO|tokenization_utils_base.py:2065] 2025-08-15 16:52:05,910 >> loading file merges.txt
[INFO|tokenization_utils_base.py:2065] 2025-08-15 16:52:05,910 >> loading file tokenizer.json
[INFO|tokenization_utils_base.py:2065] 2025-08-15 16:52:05,910 >> loading file added_tokens.json
[INFO|tokenization_utils_base.py:2065] 2025-08-15 16:52:05,910 >> loading file special_tokens_map.json
[INFO|tokenization_utils_base.py:2065] 2025-08-15 16:52:05,910 >> loading file tokenizer_config.json
[INFO|tokenization_utils_base.py:2065] 2025-08-15 16:52:05,910 >> loading file chat_template.jinja
[INFO|2025-08-15 16:52:05] llamafactory.hparams.parser:410 >> Process rank: 7, world size: 16, device: cuda:7, distributed training: True, compute dtype: torch.bfloat16
[INFO|2025-08-15 16:52:06] llamafactory.hparams.parser:410 >> Process rank: 2, world size: 16, device: cuda:2, distributed training: True, compute dtype: torch.bfloat16
[INFO|2025-08-15 16:52:06] llamafactory.hparams.parser:410 >> Process rank: 1, world size: 16, device: cuda:1, distributed training: True, compute dtype: torch.bfloat16
[INFO|2025-08-15 16:52:06] llamafactory.hparams.parser:410 >> Process rank: 4, world size: 16, device: cuda:4, distributed training: True, compute dtype: torch.bfloat16
[INFO|tokenization_utils_base.py:2336] 2025-08-15 16:52:06,183 >> Special tokens have been added in the vocabulary, make sure the associated word embeddings are fine-tuned or trained.
[INFO|configuration_utils.py:750] 2025-08-15 16:52:06,183 >> loading configuration file /data/Qwen2.5-32B-Instruct/config.json
[INFO|configuration_utils.py:817] 2025-08-15 16:52:06,185 >> Model config Qwen2Config {
  "architectures": [
    "Qwen2ForCausalLM"
  ],
  "attention_dropout": 0.0,
  "bos_token_id": 151643,
  "eos_token_id": 151645,
  "hidden_act": "silu",
  "hidden_size": 5120,
  "initializer_range": 0.02,
  "intermediate_size": 27648,
  "layer_types": [
    "full_attention",
    "full_attention",
    "full_attention",
    "full_attention",
    "full_attention",
    "full_attention",
    "full_attention",
    "full_attention",
    "full_attention",
    "full_attention",
    "full_attention",
    "full_attention",
    "full_attention",
    "full_attention",
    "full_attention",
    "full_attention",
    "full_attention",
    "full_attention",
    "full_attention",
    "full_attention",
    "full_attention",
    "full_attention",
    "full_attention",
    "full_attention",
    "full_attention",
    "full_attention",
    "full_attention",
    "full_attention",
    "full_attention",
    "full_attention",
    "full_attention",
    "full_attention",
    "full_attention",
    "full_attention",
    "full_attention",
    "full_attention",
    "full_attention",
    "full_attention",
    "full_attention",
    "full_attention",
    "full_attention",
    "full_attention",
    "full_attention",
    "full_attention",
    "full_attention",
    "full_attention",
    "full_attention",
    "full_attention",
    "full_attention",
    "full_attention",
    "full_attention",
    "full_attention",
    "full_attention",
    "full_attention",
    "full_attention",
    "full_attention",
    "full_attention",
    "full_attention",
    "full_attention",
    "full_attention",
    "full_attention",
    "full_attention",
    "full_attention",
    "full_attention"
  ],
  "max_position_embeddings": 32768,
  "max_window_layers": 70,
  "model_type": "qwen2",
  "num_attention_heads": 40,
  "num_hidden_layers": 64,
  "num_key_value_heads": 8,
  "rms_norm_eps": 1e-06,
  "rope_scaling": null,
  "rope_theta": 1000000.0,
  "sliding_window": null,
  "tie_word_embeddings": false,
  "torch_dtype": "bfloat16",
  "transformers_version": "4.55.0",
  "use_cache": true,
  "use_sliding_window": false,
  "vocab_size": 152064
}

[INFO|tokenization_utils_base.py:2065] 2025-08-15 16:52:06,185 >> loading file vocab.json
[INFO|tokenization_utils_base.py:2065] 2025-08-15 16:52:06,185 >> loading file merges.txt
[INFO|tokenization_utils_base.py:2065] 2025-08-15 16:52:06,185 >> loading file tokenizer.json
[INFO|tokenization_utils_base.py:2065] 2025-08-15 16:52:06,185 >> loading file added_tokens.json
[INFO|tokenization_utils_base.py:2065] 2025-08-15 16:52:06,185 >> loading file special_tokens_map.json
[INFO|tokenization_utils_base.py:2065] 2025-08-15 16:52:06,185 >> loading file tokenizer_config.json
[INFO|tokenization_utils_base.py:2065] 2025-08-15 16:52:06,185 >> loading file chat_template.jinja
[rank3]:[W815 16:52:06.795171180 ProcessGroupNCCL.cpp:4561] [PG ID 0 PG GUID 0 Rank 3]  using GPU 3 to perform barrier as devices used by this process are currently unknown. This can potentially cause a hang if this rank to GPU mapping is incorrect. Specify device_ids in barrier() to force use of a particular device, or call init_process_group() with a device_id.
[INFO|tokenization_utils_base.py:2336] 2025-08-15 16:52:06,452 >> Special tokens have been added in the vocabulary, make sure the associated word embeddings are fine-tuned or trained.
[INFO|2025-08-15 16:52:06] llamafactory.data.template:143 >> Replace eos token: <|eot_id|>.
[WARNING|2025-08-15 16:52:06] llamafactory.data.template:148 >> New tokens have been added, make sure `resize_vocab` is True.
[INFO|2025-08-15 16:52:06] llamafactory.data.template:143 >> Add <|eom_id|> to stop words.
[WARNING|2025-08-15 16:52:06] llamafactory.data.template:148 >> New tokens have been added, make sure `resize_vocab` is True.
[INFO|2025-08-15 16:52:06] llamafactory.data.loader:143 >> Loading dataset identity.json...
[rank5]:[W815 16:52:06.850555837 ProcessGroupNCCL.cpp:4561] [PG ID 0 PG GUID 0 Rank 5]  using GPU 5 to perform barrier as devices used by this process are currently unknown. This can potentially cause a hang if this rank to GPU mapping is incorrect. Specify device_ids in barrier() to force use of a particular device, or call init_process_group() with a device_id.
[rank6]:[W815 16:52:06.862888284 ProcessGroupNCCL.cpp:4561] [PG ID 0 PG GUID 0 Rank 6]  using GPU 6 to perform barrier as devices used by this process are currently unknown. This can potentially cause a hang if this rank to GPU mapping is incorrect. Specify device_ids in barrier() to force use of a particular device, or call init_process_group() with a device_id.
[rank7]:[W815 16:52:06.929907387 ProcessGroupNCCL.cpp:4561] [PG ID 0 PG GUID 0 Rank 7]  using GPU 7 to perform barrier as devices used by this process are currently unknown. This can potentially cause a hang if this rank to GPU mapping is incorrect. Specify device_ids in barrier() to force use of a particular device, or call init_process_group() with a device_id.
[rank1]:[W815 16:52:06.957190152 ProcessGroupNCCL.cpp:4561] [PG ID 0 PG GUID 0 Rank 1]  using GPU 1 to perform barrier as devices used by this process are currently unknown. This can potentially cause a hang if this rank to GPU mapping is incorrect. Specify device_ids in barrier() to force use of a particular device, or call init_process_group() with a device_id.
[rank4]:[W815 16:52:06.958601138 ProcessGroupNCCL.cpp:4561] [PG ID 0 PG GUID 0 Rank 4]  using GPU 4 to perform barrier as devices used by this process are currently unknown. This can potentially cause a hang if this rank to GPU mapping is incorrect. Specify device_ids in barrier() to force use of a particular device, or call init_process_group() with a device_id.
[rank2]:[W815 16:52:06.959780736 ProcessGroupNCCL.cpp:4561] [PG ID 0 PG GUID 0 Rank 2]  using GPU 2 to perform barrier as devices used by this process are currently unknown. This can potentially cause a hang if this rank to GPU mapping is incorrect. Specify device_ids in barrier() to force use of a particular device, or call init_process_group() with a device_id.
Converting format of dataset (num_proc=16):   0% 0/91 [00:00<?, ? examples/s]Converting format of dataset (num_proc=16):  40% 36/91 [00:00<00:00, 315.15 examples/s]Converting format of dataset (num_proc=16): 100% 91/91 [00:00<00:00, 443.04 examples/s]
[INFO|2025-08-15 16:52:07] llamafactory.data.loader:143 >> Loading dataset alpaca_en_demo.json...
Converting format of dataset (num_proc=16):   0% 0/999 [00:00<?, ? examples/s]Converting format of dataset (num_proc=16):  44% 441/999 [00:00<00:00, 4372.72 examples/s]Converting format of dataset (num_proc=16): 100% 999/999 [00:00<00:00, 5413.45 examples/s]
[rank0]:[W815 16:52:08.032346807 ProcessGroupNCCL.cpp:4561] [PG ID 0 PG GUID 0 Rank 0]  using GPU 0 to perform barrier as devices used by this process are currently unknown. This can potentially cause a hang if this rank to GPU mapping is incorrect. Specify device_ids in barrier() to force use of a particular device, or call init_process_group() with a device_id.
5a347196ee9c:14794:14794 [0] NCCL INFO NCCL_SOCKET_IFNAME set by environment to eth0
5a347196ee9c:14794:14794 [0] NCCL INFO Bootstrap : Using eth0:192.168.0.100<0>
5a347196ee9c:14794:14794 [0] NCCL INFO NET/Plugin: No plugin found (libnccl-net.so)
5a347196ee9c:14794:14794 [0] NCCL INFO NET/Plugin: Plugin load returned 2 : libnccl-net.so: cannot open shared object file: No such file or directory : when loading libnccl-net.so
5a347196ee9c:14794:14794 [0] NCCL INFO NET/Plugin: Using internal network plugin.
5a347196ee9c:14794:14794 [0] NCCL INFO cudaDriverVersion 12040
NCCL version 2.21.5+cuda12.4
5a347196ee9c:14794:14794 [0] NCCL INFO Comm config Blocking set to 1
5a347196ee9c:14801:14801 [7] NCCL INFO cudaDriverVersion 12040
5a347196ee9c:14801:14801 [7] NCCL INFO NCCL_SOCKET_IFNAME set by environment to eth0
5a347196ee9c:14801:14801 [7] NCCL INFO Bootstrap : Using eth0:192.168.0.100<0>
5a347196ee9c:14801:14801 [7] NCCL INFO NET/Plugin: No plugin found (libnccl-net.so)
5a347196ee9c:14801:14801 [7] NCCL INFO NET/Plugin: Plugin load returned 2 : libnccl-net.so: cannot open shared object file: No such file or directory : when loading libnccl-net.so
5a347196ee9c:14801:14801 [7] NCCL INFO NET/Plugin: Using internal network plugin.
5a347196ee9c:14801:14801 [7] NCCL INFO Comm config Blocking set to 1
5a347196ee9c:14798:14798 [4] NCCL INFO cudaDriverVersion 12040
5a347196ee9c:14798:14798 [4] NCCL INFO NCCL_SOCKET_IFNAME set by environment to eth0
5a347196ee9c:14798:14798 [4] NCCL INFO Bootstrap : Using eth0:192.168.0.100<0>
5a347196ee9c:14798:14798 [4] NCCL INFO NET/Plugin: No plugin found (libnccl-net.so)
5a347196ee9c:14798:14798 [4] NCCL INFO NET/Plugin: Plugin load returned 2 : libnccl-net.so: cannot open shared object file: No such file or directory : when loading libnccl-net.so
5a347196ee9c:14798:14798 [4] NCCL INFO NET/Plugin: Using internal network plugin.
5a347196ee9c:14798:14798 [4] NCCL INFO Comm config Blocking set to 1
5a347196ee9c:14795:14795 [1] NCCL INFO cudaDriverVersion 12040
5a347196ee9c:14795:14795 [1] NCCL INFO NCCL_SOCKET_IFNAME set by environment to eth0
5a347196ee9c:14795:14795 [1] NCCL INFO Bootstrap : Using eth0:192.168.0.100<0>
5a347196ee9c:14795:14795 [1] NCCL INFO NET/Plugin: No plugin found (libnccl-net.so)
5a347196ee9c:14795:14795 [1] NCCL INFO NET/Plugin: Plugin load returned 2 : libnccl-net.so: cannot open shared object file: No such file or directory : when loading libnccl-net.so
5a347196ee9c:14795:14795 [1] NCCL INFO NET/Plugin: Using internal network plugin.
5a347196ee9c:14795:14795 [1] NCCL INFO Comm config Blocking set to 1
5a347196ee9c:14797:14797 [3] NCCL INFO cudaDriverVersion 12040
5a347196ee9c:14797:14797 [3] NCCL INFO NCCL_SOCKET_IFNAME set by environment to eth0
5a347196ee9c:14797:14797 [3] NCCL INFO Bootstrap : Using eth0:192.168.0.100<0>
5a347196ee9c:14797:14797 [3] NCCL INFO NET/Plugin: No plugin found (libnccl-net.so)
5a347196ee9c:14797:14797 [3] NCCL INFO NET/Plugin: Plugin load returned 2 : libnccl-net.so: cannot open shared object file: No such file or directory : when loading libnccl-net.so
5a347196ee9c:14797:14797 [3] NCCL INFO NET/Plugin: Using internal network plugin.
5a347196ee9c:14800:14800 [6] NCCL INFO cudaDriverVersion 12040
5a347196ee9c:14800:14800 [6] NCCL INFO NCCL_SOCKET_IFNAME set by environment to eth0
5a347196ee9c:14800:14800 [6] NCCL INFO Bootstrap : Using eth0:192.168.0.100<0>
5a347196ee9c:14800:14800 [6] NCCL INFO NET/Plugin: No plugin found (libnccl-net.so)
5a347196ee9c:14800:14800 [6] NCCL INFO NET/Plugin: Plugin load returned 2 : libnccl-net.so: cannot open shared object file: No such file or directory : when loading libnccl-net.so
5a347196ee9c:14800:14800 [6] NCCL INFO NET/Plugin: Using internal network plugin.
5a347196ee9c:14797:14797 [3] NCCL INFO Comm config Blocking set to 1
5a347196ee9c:14796:14796 [2] NCCL INFO cudaDriverVersion 12040
5a347196ee9c:14796:14796 [2] NCCL INFO NCCL_SOCKET_IFNAME set by environment to eth0
5a347196ee9c:14796:14796 [2] NCCL INFO Bootstrap : Using eth0:192.168.0.100<0>
5a347196ee9c:14796:14796 [2] NCCL INFO NET/Plugin: No plugin found (libnccl-net.so)
5a347196ee9c:14796:14796 [2] NCCL INFO NET/Plugin: Plugin load returned 2 : libnccl-net.so: cannot open shared object file: No such file or directory : when loading libnccl-net.so
5a347196ee9c:14796:14796 [2] NCCL INFO NET/Plugin: Using internal network plugin.
5a347196ee9c:14799:14799 [5] NCCL INFO cudaDriverVersion 12040
5a347196ee9c:14799:14799 [5] NCCL INFO NCCL_SOCKET_IFNAME set by environment to eth0
5a347196ee9c:14799:14799 [5] NCCL INFO Bootstrap : Using eth0:192.168.0.100<0>
5a347196ee9c:14800:14800 [6] NCCL INFO Comm config Blocking set to 1
5a347196ee9c:14796:14796 [2] NCCL INFO Comm config Blocking set to 1
5a347196ee9c:14799:14799 [5] NCCL INFO NET/Plugin: No plugin found (libnccl-net.so)
5a347196ee9c:14799:14799 [5] NCCL INFO NET/Plugin: Plugin load returned 2 : libnccl-net.so: cannot open shared object file: No such file or directory : when loading libnccl-net.so
5a347196ee9c:14799:14799 [5] NCCL INFO NET/Plugin: Using internal network plugin.
5a347196ee9c:14799:14799 [5] NCCL INFO Comm config Blocking set to 1
5a347196ee9c:14794:16156 [0] NCCL INFO NCCL_IB_DISABLE set by environment to 0.
5a347196ee9c:14794:16156 [0] NCCL INFO Failed to open libibverbs.so[.1]
5a347196ee9c:14794:16156 [0] NCCL INFO NCCL_SOCKET_IFNAME set by environment to eth0
5a347196ee9c:14794:16156 [0] NCCL INFO NET/Socket : Using [0]eth0:192.168.0.100<0>
5a347196ee9c:14794:16156 [0] NCCL INFO Using non-device net plugin version 0
5a347196ee9c:14794:16156 [0] NCCL INFO Using network Socket
5a347196ee9c:14801:16157 [7] NCCL INFO NCCL_IB_DISABLE set by environment to 0.
5a347196ee9c:14801:16157 [7] NCCL INFO Failed to open libibverbs.so[.1]
5a347196ee9c:14801:16157 [7] NCCL INFO NCCL_SOCKET_IFNAME set by environment to eth0
5a347196ee9c:14801:16157 [7] NCCL INFO NET/Socket : Using [0]eth0:192.168.0.100<0>
5a347196ee9c:14801:16157 [7] NCCL INFO Using non-device net plugin version 0
5a347196ee9c:14801:16157 [7] NCCL INFO Using network Socket
5a347196ee9c:14798:16158 [4] NCCL INFO NCCL_IB_DISABLE set by environment to 0.
5a347196ee9c:14798:16158 [4] NCCL INFO Failed to open libibverbs.so[.1]
5a347196ee9c:14798:16158 [4] NCCL INFO NCCL_SOCKET_IFNAME set by environment to eth0
5a347196ee9c:14798:16158 [4] NCCL INFO NET/Socket : Using [0]eth0:192.168.0.100<0>
5a347196ee9c:14798:16158 [4] NCCL INFO Using non-device net plugin version 0
5a347196ee9c:14798:16158 [4] NCCL INFO Using network Socket
5a347196ee9c:14795:16159 [1] NCCL INFO NCCL_IB_DISABLE set by environment to 0.
5a347196ee9c:14795:16159 [1] NCCL INFO Failed to open libibverbs.so[.1]
5a347196ee9c:14795:16159 [1] NCCL INFO NCCL_SOCKET_IFNAME set by environment to eth0
5a347196ee9c:14795:16159 [1] NCCL INFO NET/Socket : Using [0]eth0:192.168.0.100<0>
5a347196ee9c:14795:16159 [1] NCCL INFO Using non-device net plugin version 0
5a347196ee9c:14795:16159 [1] NCCL INFO Using network Socket
5a347196ee9c:14797:16160 [3] NCCL INFO NCCL_IB_DISABLE set by environment to 0.
5a347196ee9c:14796:16162 [2] NCCL INFO NCCL_IB_DISABLE set by environment to 0.
5a347196ee9c:14797:16160 [3] NCCL INFO Failed to open libibverbs.so[.1]
5a347196ee9c:14797:16160 [3] NCCL INFO NCCL_SOCKET_IFNAME set by environment to eth0
5a347196ee9c:14796:16162 [2] NCCL INFO Failed to open libibverbs.so[.1]
5a347196ee9c:14796:16162 [2] NCCL INFO NCCL_SOCKET_IFNAME set by environment to eth0
5a347196ee9c:14796:16162 [2] NCCL INFO NET/Socket : Using [0]eth0:192.168.0.100<0>
5a347196ee9c:14797:16160 [3] NCCL INFO NET/Socket : Using [0]eth0:192.168.0.100<0>
5a347196ee9c:14796:16162 [2] NCCL INFO Using non-device net plugin version 0
5a347196ee9c:14797:16160 [3] NCCL INFO Using non-device net plugin version 0
5a347196ee9c:14796:16162 [2] NCCL INFO Using network Socket
5a347196ee9c:14797:16160 [3] NCCL INFO Using network Socket
5a347196ee9c:14800:16161 [6] NCCL INFO NCCL_IB_DISABLE set by environment to 0.
5a347196ee9c:14800:16161 [6] NCCL INFO Failed to open libibverbs.so[.1]
5a347196ee9c:14800:16161 [6] NCCL INFO NCCL_SOCKET_IFNAME set by environment to eth0
5a347196ee9c:14800:16161 [6] NCCL INFO NET/Socket : Using [0]eth0:192.168.0.100<0>
5a347196ee9c:14800:16161 [6] NCCL INFO Using non-device net plugin version 0
5a347196ee9c:14800:16161 [6] NCCL INFO Using network Socket
5a347196ee9c:14799:16163 [5] NCCL INFO NCCL_IB_DISABLE set by environment to 0.
5a347196ee9c:14799:16163 [5] NCCL INFO Failed to open libibverbs.so[.1]
5a347196ee9c:14799:16163 [5] NCCL INFO NCCL_SOCKET_IFNAME set by environment to eth0
5a347196ee9c:14799:16163 [5] NCCL INFO NET/Socket : Using [0]eth0:192.168.0.100<0>
5a347196ee9c:14799:16163 [5] NCCL INFO Using non-device net plugin version 0
5a347196ee9c:14799:16163 [5] NCCL INFO Using network Socket
5a347196ee9c:14801:16157 [7] NCCL INFO ncclCommInitRank comm 0x562054163700 rank 7 nranks 16 cudaDev 7 nvmlDev 7 busId cf000 commId 0xa0364583bc190008 - Init START
5a347196ee9c:14800:16161 [6] NCCL INFO ncclCommInitRank comm 0x55af1a184950 rank 6 nranks 16 cudaDev 6 nvmlDev 6 busId ce000 commId 0xa0364583bc190008 - Init START
5a347196ee9c:14797:16160 [3] NCCL INFO ncclCommInitRank comm 0x5651b78afc80 rank 3 nranks 16 cudaDev 3 nvmlDev 3 busId 20000 commId 0xa0364583bc190008 - Init START
5a347196ee9c:14799:16163 [5] NCCL INFO ncclCommInitRank comm 0x55c5eea584c0 rank 5 nranks 16 cudaDev 5 nvmlDev 5 busId b6000 commId 0xa0364583bc190008 - Init START
5a347196ee9c:14798:16158 [4] NCCL INFO ncclCommInitRank comm 0x563c393acfe0 rank 4 nranks 16 cudaDev 4 nvmlDev 4 busId b5000 commId 0xa0364583bc190008 - Init START
5a347196ee9c:14796:16162 [2] NCCL INFO ncclCommInitRank comm 0x55ea0e49f520 rank 2 nranks 16 cudaDev 2 nvmlDev 2 busId 1f000 commId 0xa0364583bc190008 - Init START
5a347196ee9c:14794:16156 [0] NCCL INFO ncclCommInitRank comm 0x561e645335d0 rank 0 nranks 16 cudaDev 0 nvmlDev 0 busId e000 commId 0xa0364583bc190008 - Init START
5a347196ee9c:14795:16159 [1] NCCL INFO ncclCommInitRank comm 0x55f175e018b0 rank 1 nranks 16 cudaDev 1 nvmlDev 1 busId f000 commId 0xa0364583bc190008 - Init START
5a347196ee9c:14797:16160 [3] NCCL INFO Setting affinity for GPU 3 to ffffffff
5a347196ee9c:14797:16160 [3] NCCL INFO NVLS multicast support is not available on dev 3
5a347196ee9c:14801:16157 [7] NCCL INFO Setting affinity for GPU 7 to ffffffff,00000000
5a347196ee9c:14801:16157 [7] NCCL INFO NVLS multicast support is not available on dev 7
5a347196ee9c:14798:16158 [4] NCCL INFO Setting affinity for GPU 4 to ffffffff,00000000
5a347196ee9c:14796:16162 [2] NCCL INFO Setting affinity for GPU 2 to ffffffff
5a347196ee9c:14798:16158 [4] NCCL INFO NVLS multicast support is not available on dev 4
5a347196ee9c:14796:16162 [2] NCCL INFO NVLS multicast support is not available on dev 2
5a347196ee9c:14794:16156 [0] NCCL INFO Setting affinity for GPU 0 to ffffffff
5a347196ee9c:14794:16156 [0] NCCL INFO NVLS multicast support is not available on dev 0
5a347196ee9c:14795:16159 [1] NCCL INFO Setting affinity for GPU 1 to ffffffff
5a347196ee9c:14795:16159 [1] NCCL INFO NVLS multicast support is not available on dev 1
5a347196ee9c:14799:16163 [5] NCCL INFO Setting affinity for GPU 5 to ffffffff,00000000
5a347196ee9c:14799:16163 [5] NCCL INFO NVLS multicast support is not available on dev 5
5a347196ee9c:14800:16161 [6] NCCL INFO Setting affinity for GPU 6 to ffffffff,00000000
5a347196ee9c:14800:16161 [6] NCCL INFO NVLS multicast support is not available on dev 6
5a347196ee9c:14800:16161 [6] NCCL INFO comm 0x55af1a184950 rank 6 nRanks 16 nNodes 2 localRanks 8 localRank 6 MNNVL 0
5a347196ee9c:14801:16157 [7] NCCL INFO comm 0x562054163700 rank 7 nRanks 16 nNodes 2 localRanks 8 localRank 7 MNNVL 0
5a347196ee9c:14800:16161 [6] NCCL INFO Trees [0] 7/-1/-1->6->5 [1] 7/-1/-1->6->5
5a347196ee9c:14800:16161 [6] NCCL INFO P2P Chunksize set to 131072
5a347196ee9c:14801:16157 [7] NCCL INFO Trees [0] -1/-1/-1->7->6 [1] -1/-1/-1->7->6
5a347196ee9c:14801:16157 [7] NCCL INFO P2P Chunksize set to 131072
5a347196ee9c:14795:16159 [1] NCCL INFO comm 0x55f175e018b0 rank 1 nRanks 16 nNodes 2 localRanks 8 localRank 1 MNNVL 0
5a347196ee9c:14794:16156 [0] NCCL INFO comm 0x561e645335d0 rank 0 nRanks 16 nNodes 2 localRanks 8 localRank 0 MNNVL 0
5a347196ee9c:14799:16163 [5] NCCL INFO comm 0x55c5eea584c0 rank 5 nRanks 16 nNodes 2 localRanks 8 localRank 5 MNNVL 0
5a347196ee9c:14799:16163 [5] NCCL INFO Trees [0] 6/-1/-1->5->4 [1] 6/-1/-1->5->4
5a347196ee9c:14794:16156 [0] NCCL INFO Channel 00/02 :    0   7   6   5   4   3   2   1   8  15  14  13  12  11  10   9
5a347196ee9c:14799:16163 [5] NCCL INFO P2P Chunksize set to 131072
5a347196ee9c:14795:16159 [1] NCCL INFO Trees [0] 2/-1/-1->1->0 [1] 2/-1/-1->1->0
5a347196ee9c:14796:16162 [2] NCCL INFO comm 0x55ea0e49f520 rank 2 nRanks 16 nNodes 2 localRanks 8 localRank 2 MNNVL 0
5a347196ee9c:14795:16159 [1] NCCL INFO P2P Chunksize set to 131072
5a347196ee9c:14794:16156 [0] NCCL INFO Channel 01/02 :    0   7   6   5   4   3   2   1   8  15  14  13  12  11  10   9
5a347196ee9c:14798:16158 [4] NCCL INFO comm 0x563c393acfe0 rank 4 nRanks 16 nNodes 2 localRanks 8 localRank 4 MNNVL 0
5a347196ee9c:14794:16156 [0] NCCL INFO Trees [0] 1/8/-1->0->-1 [1] 1/-1/-1->0->8
5a347196ee9c:14794:16156 [0] NCCL INFO P2P Chunksize set to 131072
5a347196ee9c:14798:16158 [4] NCCL INFO Trees [0] 5/-1/-1->4->3 [1] 5/-1/-1->4->3
5a347196ee9c:14796:16162 [2] NCCL INFO Trees [0] 3/-1/-1->2->1 [1] 3/-1/-1->2->1
5a347196ee9c:14797:16160 [3] NCCL INFO comm 0x5651b78afc80 rank 3 nRanks 16 nNodes 2 localRanks 8 localRank 3 MNNVL 0
5a347196ee9c:14798:16158 [4] NCCL INFO P2P Chunksize set to 131072
5a347196ee9c:14796:16162 [2] NCCL INFO P2P Chunksize set to 131072
5a347196ee9c:14797:16160 [3] NCCL INFO Trees [0] 4/-1/-1->3->2 [1] 4/-1/-1->3->2
5a347196ee9c:14797:16160 [3] NCCL INFO P2P Chunksize set to 131072
5a347196ee9c:14800:16161 [6] NCCL INFO Channel 00/0 : 6[6] -> 5[5] via P2P/CUMEM/read
5a347196ee9c:14799:16163 [5] NCCL INFO Channel 00/0 : 5[5] -> 4[4] via P2P/CUMEM/read
5a347196ee9c:14800:16161 [6] NCCL INFO Channel 01/0 : 6[6] -> 5[5] via P2P/CUMEM/read
5a347196ee9c:14799:16163 [5] NCCL INFO Channel 01/0 : 5[5] -> 4[4] via P2P/CUMEM/read
5a347196ee9c:14797:16160 [3] NCCL INFO Channel 00/0 : 3[3] -> 2[2] via P2P/CUMEM/read
5a347196ee9c:14798:16158 [4] NCCL INFO Channel 00/0 : 4[4] -> 3[3] via P2P/CUMEM/read
5a347196ee9c:14796:16162 [2] NCCL INFO Channel 00/0 : 2[2] -> 1[1] via P2P/CUMEM/read
5a347196ee9c:14797:16160 [3] NCCL INFO Channel 01/0 : 3[3] -> 2[2] via P2P/CUMEM/read
5a347196ee9c:14798:16158 [4] NCCL INFO Channel 01/0 : 4[4] -> 3[3] via P2P/CUMEM/read
5a347196ee9c:14796:16162 [2] NCCL INFO Channel 01/0 : 2[2] -> 1[1] via P2P/CUMEM/read
5a347196ee9c:14794:16156 [0] NCCL INFO Channel 00/0 : 9[1] -> 0[0] [receive] via NET/Socket/0
5a347196ee9c:14794:16156 [0] NCCL INFO Channel 01/0 : 9[1] -> 0[0] [receive] via NET/Socket/0
5a347196ee9c:14794:16156 [0] NCCL INFO Channel 00/0 : 0[0] -> 7[7] via P2P/CUMEM/read
5a347196ee9c:14794:16156 [0] NCCL INFO Channel 01/0 : 0[0] -> 7[7] via P2P/CUMEM/read
5a347196ee9c:14795:16159 [1] NCCL INFO Channel 00/0 : 1[1] -> 8[0] [send] via NET/Socket/0
5a347196ee9c:14795:16159 [1] NCCL INFO Channel 01/0 : 1[1] -> 8[0] [send] via NET/Socket/0
5a347196ee9c:14801:16157 [7] NCCL INFO Channel 00/0 : 7[7] -> 6[6] via P2P/CUMEM/read
5a347196ee9c:14801:16157 [7] NCCL INFO Channel 01/0 : 7[7] -> 6[6] via P2P/CUMEM/read
5a347196ee9c:14798:16158 [4] NCCL INFO Connected all rings
5a347196ee9c:14795:16159 [1] NCCL INFO Connected all rings
5a347196ee9c:14797:16160 [3] NCCL INFO Connected all rings
5a347196ee9c:14796:16162 [2] NCCL INFO Connected all rings
5a347196ee9c:14794:16156 [0] NCCL INFO Connected all rings
5a347196ee9c:14794:16156 [0] NCCL INFO Channel 00/0 : 0[0] -> 1[1] via P2P/CUMEM/read
5a347196ee9c:14794:16156 [0] NCCL INFO Channel 01/0 : 0[0] -> 1[1] via P2P/CUMEM/read
5a347196ee9c:14797:16160 [3] NCCL INFO Channel 00/0 : 3[3] -> 4[4] via P2P/CUMEM/read
5a347196ee9c:14795:16159 [1] NCCL INFO Channel 00/0 : 1[1] -> 2[2] via P2P/CUMEM/read
5a347196ee9c:14798:16158 [4] NCCL INFO Channel 00/0 : 4[4] -> 5[5] via P2P/CUMEM/read
5a347196ee9c:14796:16162 [2] NCCL INFO Channel 00/0 : 2[2] -> 3[3] via P2P/CUMEM/read
5a347196ee9c:14797:16160 [3] NCCL INFO Channel 01/0 : 3[3] -> 4[4] via P2P/CUMEM/read
5a347196ee9c:14795:16159 [1] NCCL INFO Channel 01/0 : 1[1] -> 2[2] via P2P/CUMEM/read
5a347196ee9c:14798:16158 [4] NCCL INFO Channel 01/0 : 4[4] -> 5[5] via P2P/CUMEM/read
5a347196ee9c:14796:16162 [2] NCCL INFO Channel 01/0 : 2[2] -> 3[3] via P2P/CUMEM/read
5a347196ee9c:14794:16156 [0] NCCL INFO Channel 00/0 : 8[0] -> 0[0] [receive] via NET/Socket/0
5a347196ee9c:14795:16159 [1] NCCL INFO Channel 00/0 : 1[1] -> 0[0] via P2P/CUMEM/read
5a347196ee9c:14794:16156 [0] NCCL INFO Channel 01/0 : 8[0] -> 0[0] [receive] via NET/Socket/0
5a347196ee9c:14794:16156 [0] NCCL INFO Channel 00/0 : 0[0] -> 8[0] [send] via NET/Socket/0
5a347196ee9c:14794:16156 [0] NCCL INFO Channel 01/0 : 0[0] -> 8[0] [send] via NET/Socket/0
5a347196ee9c:14795:16159 [1] NCCL INFO Channel 01/0 : 1[1] -> 0[0] via P2P/CUMEM/read
5a347196ee9c:14799:16163 [5] NCCL INFO Connected all rings
5a347196ee9c:14801:16157 [7] NCCL INFO Connected all rings
5a347196ee9c:14800:16161 [6] NCCL INFO Connected all rings
5a347196ee9c:14800:16161 [6] NCCL INFO Channel 00/0 : 6[6] -> 7[7] via P2P/CUMEM/read
5a347196ee9c:14799:16163 [5] NCCL INFO Channel 00/0 : 5[5] -> 6[6] via P2P/CUMEM/read
5a347196ee9c:14800:16161 [6] NCCL INFO Channel 01/0 : 6[6] -> 7[7] via P2P/CUMEM/read
5a347196ee9c:14799:16163 [5] NCCL INFO Channel 01/0 : 5[5] -> 6[6] via P2P/CUMEM/read
5a347196ee9c:14801:16157 [7] NCCL INFO Connected all trees
5a347196ee9c:14801:16157 [7] NCCL INFO threadThresholds 8/8/64 | 128/8/64 | 512 | 512
5a347196ee9c:14801:16157 [7] NCCL INFO 2 coll channels, 2 collnet channels, 0 nvls channels, 2 p2p channels, 1 p2p channels per peer
5a347196ee9c:14797:16160 [3] NCCL INFO Connected all trees
5a347196ee9c:14797:16160 [3] NCCL INFO threadThresholds 8/8/64 | 128/8/64 | 512 | 512
5a347196ee9c:14797:16160 [3] NCCL INFO 2 coll channels, 2 collnet channels, 0 nvls channels, 2 p2p channels, 1 p2p channels per peer
5a347196ee9c:14800:16161 [6] NCCL INFO Connected all trees
5a347196ee9c:14800:16161 [6] NCCL INFO threadThresholds 8/8/64 | 128/8/64 | 512 | 512
5a347196ee9c:14800:16161 [6] NCCL INFO 2 coll channels, 2 collnet channels, 0 nvls channels, 2 p2p channels, 1 p2p channels per peer
5a347196ee9c:14798:16158 [4] NCCL INFO Connected all trees
5a347196ee9c:14799:16163 [5] NCCL INFO Connected all trees
5a347196ee9c:14798:16158 [4] NCCL INFO threadThresholds 8/8/64 | 128/8/64 | 512 | 512
5a347196ee9c:14799:16163 [5] NCCL INFO threadThresholds 8/8/64 | 128/8/64 | 512 | 512
5a347196ee9c:14798:16158 [4] NCCL INFO 2 coll channels, 2 collnet channels, 0 nvls channels, 2 p2p channels, 1 p2p channels per peer
5a347196ee9c:14799:16163 [5] NCCL INFO 2 coll channels, 2 collnet channels, 0 nvls channels, 2 p2p channels, 1 p2p channels per peer
5a347196ee9c:14796:16162 [2] NCCL INFO Connected all trees
5a347196ee9c:14796:16162 [2] NCCL INFO threadThresholds 8/8/64 | 128/8/64 | 512 | 512
5a347196ee9c:14796:16162 [2] NCCL INFO 2 coll channels, 2 collnet channels, 0 nvls channels, 2 p2p channels, 1 p2p channels per peer
5a347196ee9c:14795:16159 [1] NCCL INFO Connected all trees
5a347196ee9c:14795:16159 [1] NCCL INFO threadThresholds 8/8/64 | 128/8/64 | 512 | 512
5a347196ee9c:14795:16159 [1] NCCL INFO 2 coll channels, 2 collnet channels, 0 nvls channels, 2 p2p channels, 1 p2p channels per peer
5a347196ee9c:14794:16156 [0] NCCL INFO Connected all trees
5a347196ee9c:14794:16156 [0] NCCL INFO threadThresholds 8/8/64 | 128/8/64 | 512 | 512
5a347196ee9c:14794:16156 [0] NCCL INFO 2 coll channels, 2 collnet channels, 0 nvls channels, 2 p2p channels, 1 p2p channels per peer
5a347196ee9c:14799:16163 [5] NCCL INFO TUNER/Plugin: Plugin load returned 2 : libnccl-net.so: cannot open shared object file: No such file or directory : when loading libnccl-tuner.so
5a347196ee9c:14794:16156 [0] NCCL INFO TUNER/Plugin: Plugin load returned 2 : libnccl-net.so: cannot open shared object file: No such file or directory : when loading libnccl-tuner.so
5a347196ee9c:14799:16163 [5] NCCL INFO TUNER/Plugin: Using internal tuner plugin.
5a347196ee9c:14794:16156 [0] NCCL INFO TUNER/Plugin: Using internal tuner plugin.
5a347196ee9c:14799:16163 [5] NCCL INFO ncclCommInitRank comm 0x55c5eea584c0 rank 5 nranks 16 cudaDev 5 nvmlDev 5 busId b6000 commId 0xa0364583bc190008 - Init COMPLETE
5a347196ee9c:14794:16156 [0] NCCL INFO ncclCommInitRank comm 0x561e645335d0 rank 0 nranks 16 cudaDev 0 nvmlDev 0 busId e000 commId 0xa0364583bc190008 - Init COMPLETE
5a347196ee9c:14800:16161 [6] NCCL INFO TUNER/Plugin: Plugin load returned 2 : libnccl-net.so: cannot open shared object file: No such file or directory : when loading libnccl-tuner.so
5a347196ee9c:14800:16161 [6] NCCL INFO TUNER/Plugin: Using internal tuner plugin.
5a347196ee9c:14800:16161 [6] NCCL INFO ncclCommInitRank comm 0x55af1a184950 rank 6 nranks 16 cudaDev 6 nvmlDev 6 busId ce000 commId 0xa0364583bc190008 - Init COMPLETE
5a347196ee9c:14801:16157 [7] NCCL INFO TUNER/Plugin: Plugin load returned 2 : libnccl-net.so: cannot open shared object file: No such file or directory : when loading libnccl-tuner.so
5a347196ee9c:14801:16157 [7] NCCL INFO TUNER/Plugin: Using internal tuner plugin.
5a347196ee9c:14801:16157 [7] NCCL INFO ncclCommInitRank comm 0x562054163700 rank 7 nranks 16 cudaDev 7 nvmlDev 7 busId cf000 commId 0xa0364583bc190008 - Init COMPLETE
5a347196ee9c:14796:16162 [2] NCCL INFO TUNER/Plugin: Plugin load returned 2 : libnccl-net.so: cannot open shared object file: No such file or directory : when loading libnccl-tuner.so
5a347196ee9c:14796:16162 [2] NCCL INFO TUNER/Plugin: Using internal tuner plugin.
5a347196ee9c:14795:16159 [1] NCCL INFO TUNER/Plugin: Plugin load returned 2 : libnccl-net.so: cannot open shared object file: No such file or directory : when loading libnccl-tuner.so
5a347196ee9c:14796:16162 [2] NCCL INFO ncclCommInitRank comm 0x55ea0e49f520 rank 2 nranks 16 cudaDev 2 nvmlDev 2 busId 1f000 commId 0xa0364583bc190008 - Init COMPLETE
5a347196ee9c:14795:16159 [1] NCCL INFO TUNER/Plugin: Using internal tuner plugin.
5a347196ee9c:14795:16159 [1] NCCL INFO ncclCommInitRank comm 0x55f175e018b0 rank 1 nranks 16 cudaDev 1 nvmlDev 1 busId f000 commId 0xa0364583bc190008 - Init COMPLETE
5a347196ee9c:14797:16160 [3] NCCL INFO TUNER/Plugin: Plugin load returned 2 : libnccl-net.so: cannot open shared object file: No such file or directory : when loading libnccl-tuner.so
5a347196ee9c:14797:16160 [3] NCCL INFO TUNER/Plugin: Using internal tuner plugin.
5a347196ee9c:14797:16160 [3] NCCL INFO ncclCommInitRank comm 0x5651b78afc80 rank 3 nranks 16 cudaDev 3 nvmlDev 3 busId 20000 commId 0xa0364583bc190008 - Init COMPLETE
5a347196ee9c:14798:16158 [4] NCCL INFO TUNER/Plugin: Plugin load returned 2 : libnccl-net.so: cannot open shared object file: No such file or directory : when loading libnccl-tuner.so
5a347196ee9c:14798:16158 [4] NCCL INFO TUNER/Plugin: Using internal tuner plugin.
5a347196ee9c:14798:16158 [4] NCCL INFO ncclCommInitRank comm 0x563c393acfe0 rank 4 nranks 16 cudaDev 4 nvmlDev 4 busId b5000 commId 0xa0364583bc190008 - Init COMPLETE
Running tokenizer on dataset (num_proc=16):   0% 0/1090 [00:00<?, ? examples/s]Running tokenizer on dataset (num_proc=16):   6% 69/1090 [00:00<00:06, 152.35 examples/s]Running tokenizer on dataset (num_proc=16):  13% 138/1090 [00:00<00:03, 249.94 examples/s]Running tokenizer on dataset (num_proc=16):  31% 342/1090 [00:00<00:01, 519.83 examples/s]Running tokenizer on dataset (num_proc=16):  44% 478/1090 [00:00<00:00, 627.00 examples/s]Running tokenizer on dataset (num_proc=16):  56% 614/1090 [00:01<00:00, 702.69 examples/s]Running tokenizer on dataset (num_proc=16):  75% 818/1090 [00:01<00:00, 883.20 examples/s]Running tokenizer on dataset (num_proc=16):  88% 954/1090 [00:01<00:00, 919.02 examples/s]Running tokenizer on dataset (num_proc=16): 100% 1090/1090 [00:01<00:00, 914.19 examples/s]Running tokenizer on dataset (num_proc=16): 100% 1090/1090 [00:01<00:00, 662.87 examples/s]
training example:
input_ids:
[27, 91, 2468, 8757, 842, 91, 29, 872, 27, 91, 408, 8757, 842, 91, 1339, 6023, 151665, 27, 91, 2468, 8757, 842, 91, 29, 77091, 27, 91, 408, 8757, 842, 91, 1339, 9707, 0, 358, 1079, 5867, 606, 38154, 458, 15235, 17847, 7881, 553, 5867, 3094, 3417, 13, 2585, 646, 358, 7789, 498, 3351, 30, 151665]
inputs:
<|start_header_id|>user<|end_header_id|>

hi<|eot_id|><|start_header_id|>assistant<|end_header_id|>

Hello! I am {{name}}, an AI assistant developed by {{author}}. How can I assist you today?<|eot_id|>
label_ids:
[-100, -100, -100, -100, -100, -100, -100, -100, -100, -100, -100, -100, -100, -100, -100, -100, -100, -100, -100, -100, -100, -100, -100, -100, -100, -100, -100, -100, -100, -100, -100, -100, 9707, 0, 358, 1079, 5867, 606, 38154, 458, 15235, 17847, 7881, 553, 5867, 3094, 3417, 13, 2585, 646, 358, 7789, 498, 3351, 30, 151665]
labels:
Hello! I am {{name}}, an AI assistant developed by {{author}}. How can I assist you today?<|eot_id|>
[INFO|configuration_utils.py:750] 2025-08-15 16:52:13,617 >> loading configuration file /data/Qwen2.5-32B-Instruct/config.json
[INFO|configuration_utils.py:817] 2025-08-15 16:52:13,618 >> Model config Qwen2Config {
  "architectures": [
    "Qwen2ForCausalLM"
  ],
  "attention_dropout": 0.0,
  "bos_token_id": 151643,
  "eos_token_id": 151645,
  "hidden_act": "silu",
  "hidden_size": 5120,
  "initializer_range": 0.02,
  "intermediate_size": 27648,
  "layer_types": [
    "full_attention",
    "full_attention",
    "full_attention",
    "full_attention",
    "full_attention",
    "full_attention",
    "full_attention",
    "full_attention",
    "full_attention",
    "full_attention",
    "full_attention",
    "full_attention",
    "full_attention",
    "full_attention",
    "full_attention",
    "full_attention",
    "full_attention",
    "full_attention",
    "full_attention",
    "full_attention",
    "full_attention",
    "full_attention",
    "full_attention",
    "full_attention",
    "full_attention",
    "full_attention",
    "full_attention",
    "full_attention",
    "full_attention",
    "full_attention",
    "full_attention",
    "full_attention",
    "full_attention",
    "full_attention",
    "full_attention",
    "full_attention",
    "full_attention",
    "full_attention",
    "full_attention",
    "full_attention",
    "full_attention",
    "full_attention",
    "full_attention",
    "full_attention",
    "full_attention",
    "full_attention",
    "full_attention",
    "full_attention",
    "full_attention",
    "full_attention",
    "full_attention",
    "full_attention",
    "full_attention",
    "full_attention",
    "full_attention",
    "full_attention",
    "full_attention",
    "full_attention",
    "full_attention",
    "full_attention",
    "full_attention",
    "full_attention",
    "full_attention",
    "full_attention"
  ],
  "max_position_embeddings": 32768,
  "max_window_layers": 70,
  "model_type": "qwen2",
  "num_attention_heads": 40,
  "num_hidden_layers": 64,
  "num_key_value_heads": 8,
  "rms_norm_eps": 1e-06,
  "rope_scaling": null,
  "rope_theta": 1000000.0,
  "sliding_window": null,
  "tie_word_embeddings": false,
  "torch_dtype": "bfloat16",
  "transformers_version": "4.55.0",
  "use_cache": true,
  "use_sliding_window": false,
  "vocab_size": 152064
}

[INFO|2025-08-15 16:52:13] llamafactory.model.model_utils.kv_cache:143 >> KV cache is disabled during training.
[INFO|modeling_utils.py:1305] 2025-08-15 16:52:13,721 >> loading weights file /data/Qwen2.5-32B-Instruct/model.safetensors.index.json
[INFO|modeling_utils.py:4363] 2025-08-15 16:52:13,721 >> Detected DeepSpeed ZeRO-3: activating zero.init() for this model
[2025-08-15 16:52:13,721] [INFO] [config.py:735:__init__] Config mesh_device None world_size = 16
[INFO|configuration_utils.py:1098] 2025-08-15 16:52:13,734 >> Generate config GenerationConfig {
  "bos_token_id": 151643,
  "eos_token_id": 151645,
  "use_cache": false
}

[2025-08-15 16:52:13,834] [INFO] [config.py:735:__init__] Config mesh_device None world_size = 16
[2025-08-15 16:52:13,840] [INFO] [config.py:735:__init__] Config mesh_device None world_size = 16
[2025-08-15 16:52:13,840] [INFO] [config.py:735:__init__] Config mesh_device None world_size = 16
[2025-08-15 16:52:13,843] [INFO] [config.py:735:__init__] Config mesh_device None world_size = 16
[2025-08-15 16:52:13,848] [INFO] [config.py:735:__init__] Config mesh_device None world_size = 16
[2025-08-15 16:52:13,852] [INFO] [config.py:735:__init__] Config mesh_device None world_size = 16
[2025-08-15 16:52:13,855] [INFO] [config.py:735:__init__] Config mesh_device None world_size = 16
[2025-08-15 16:53:11,832] [INFO] [partition_parameters.py:348:__exit__] finished initializing model - num_params = 771, num_elems = 32.76B
